Component: ARM Compiler 5.06 update 4 (build 422) Tool: armlink [4d35d2]

==============================================================================

Section Cross References

    main.o(.text) refers to iwdg.o(.text) for iwdg_init
    main.o(.text) refers to oled.o(.text) for OLED_Init
    main.o(.text) refers to key_scan.o(.text) for Key_Scan_Init
    main.o(.text) refers to pwm.o(.text) for time8_gpio
    main.o(.text) refers to ad_dma.o(.text) for ADC1_GPIO_Config
    main.o(.text) refers to stm32f10x_iwdg.o(.text) for IWDG_ReloadCounter
    main.o(.text) refers to fmul.o(x$fpl$fmul) for __aeabi_fmul
    main.o(.text) refers to ffix.o(x$fpl$ffix) for __aeabi_f2iz
    main.o(.text) refers to pwm.o(.data) for SPWM_m
    system_stm32f10x.o(.text) refers to system_stm32f10x.o(.data) for SystemCoreClock
    startup_stm32f10x_hd.o(STACK) refers (Special) to heapauxi.o(.text) for __use_two_region_memory
    startup_stm32f10x_hd.o(HEAP) refers (Special) to heapauxi.o(.text) for __use_two_region_memory
    startup_stm32f10x_hd.o(RESET) refers (Special) to heapauxi.o(.text) for __use_two_region_memory
    startup_stm32f10x_hd.o(RESET) refers to startup_stm32f10x_hd.o(STACK) for __initial_sp
    startup_stm32f10x_hd.o(RESET) refers to startup_stm32f10x_hd.o(.text) for Reset_Handler
    startup_stm32f10x_hd.o(RESET) refers to stm32f10x_it.o(.text) for NMI_Handler
    startup_stm32f10x_hd.o(RESET) refers to exti_interrupt.o(.text) for EXTI9_5_IRQHandler
    startup_stm32f10x_hd.o(RESET) refers to update_interrupt.o(.text) for TIM3_IRQHandler
    startup_stm32f10x_hd.o(RESET) refers to inputcap.o(.text) for TIM4_IRQHandler
    startup_stm32f10x_hd.o(RESET) refers to pwm.o(.text) for TIM8_UP_IRQHandler
    startup_stm32f10x_hd.o(.text) refers (Special) to heapauxi.o(.text) for __use_two_region_memory
    startup_stm32f10x_hd.o(.text) refers to system_stm32f10x.o(.text) for SystemInit
    startup_stm32f10x_hd.o(.text) refers to __main.o(!!!main) for __main
    startup_stm32f10x_hd.o(.text) refers to startup_stm32f10x_hd.o(HEAP) for Heap_Mem
    startup_stm32f10x_hd.o(.text) refers to startup_stm32f10x_hd.o(STACK) for Stack_Mem
    stm32f10x_gpio.o(.text) refers to stm32f10x_rcc.o(.text) for RCC_APB2PeriphResetCmd
    stm32f10x_rcc.o(.text) refers to stm32f10x_rcc.o(.data) for APBAHBPrescTable
    ad.o(.text) refers to stm32f10x_rcc.o(.text) for RCC_APB2PeriphClockCmd
    ad.o(.text) refers to stm32f10x_gpio.o(.text) for GPIO_Init
    ad.o(.text) refers to stm32f10x_adc.o(.text) for ADC_DeInit
    ad.o(.text) refers to fflt_clz.o(x$fpl$fflt) for __aeabi_i2f
    ad.o(.text) refers to fmul.o(x$fpl$fmul) for __aeabi_fmul
    ad.o(.text) refers to ffix.o(x$fpl$ffix) for __aeabi_f2iz
    ad.o(.text) refers to fdiv.o(x$fpl$fdiv) for __aeabi_fdiv
    ad.o(.text) refers to ad.o(.data) for VRatio
    exti_interrupt.o(.text) refers to stm32f10x_rcc.o(.text) for RCC_APB2PeriphClockCmd
    exti_interrupt.o(.text) refers to stm32f10x_gpio.o(.text) for GPIO_Init
    exti_interrupt.o(.text) refers to misc.o(.text) for NVIC_PriorityGroupConfig
    exti_interrupt.o(.text) refers to stm32f10x_exti.o(.text) for EXTI_ClearITPendingBit
    key_scan.o(.text) refers to stm32f10x_rcc.o(.text) for RCC_APB2PeriphClockCmd
    key_scan.o(.text) refers to stm32f10x_gpio.o(.text) for GPIO_Init
    key_scan.o(.text) refers to oled.o(.text) for OLED_ShowNum
    key_scan.o(.text) refers to key_scan.o(.data) for num
    key_scan.o(.text) refers to key_scan.o(.bss) for num1
    key_scan.o(.text) refers to pwm.o(.data) for RefCurrent
    key_scan.o(.text) refers to fflt_clz.o(x$fpl$ffltu) for __aeabi_ui2f
    key_scan.o(.text) refers to f2d.o(x$fpl$f2d) for __aeabi_f2d
    key_scan.o(.text) refers to dmul.o(x$fpl$dmul) for __aeabi_dmul
    key_scan.o(.text) refers to fmul.o(x$fpl$fmul) for __aeabi_fmul
    key_scan.o(.text) refers to faddsub_clz.o(x$fpl$fadd) for __aeabi_fadd
    key_scan.o(.text) refers to daddsub_clz.o(x$fpl$dadd) for __aeabi_dadd
    key_scan.o(.text) refers to d2f.o(x$fpl$d2f) for __aeabi_d2f
    key_scan.o(.text) refers to dfix.o(x$fpl$dfix) for __aeabi_d2iz
    key_scan.o(.text) refers to fdiv.o(x$fpl$fdiv) for __aeabi_fdiv
    key_scan.o(.text) refers to ffix.o(x$fpl$ffix) for __aeabi_f2iz
    key_scan.o(.text) refers to stm32f10x_tim.o(.text) for TIM_Cmd
    key_scan.o(.text) refers to pwm.o(.text) for Compute_SPWM_TABLE
    oled.o(.text) refers to stm32f10x_gpio.o(.text) for GPIO_SetBits
    oled.o(.text) refers to stm32f10x_rcc.o(.text) for RCC_APB2PeriphClockCmd
    oled.o(.text) refers to oled.o(.constdata) for F8X16
    pwm.o(.text) refers to dflt_clz.o(x$fpl$dflt) for __aeabi_i2d
    pwm.o(.text) refers to ddiv.o(x$fpl$ddiv) for __aeabi_ddiv
    pwm.o(.text) refers to dfix.o(x$fpl$dfix) for __aeabi_d2iz
    pwm.o(.text) refers to stm32f10x_rcc.o(.text) for RCC_APB2PeriphClockCmd
    pwm.o(.text) refers to stm32f10x_tim.o(.text) for TIM_TimeBaseInit
    pwm.o(.text) refers to fmul.o(x$fpl$fmul) for __aeabi_fmul
[...]
    ../clib/stdlib.c                         0x00000000   Number         0  exit.o ABSOLUTE
    ../fplib/d2f.s                           0x00000000   Number         0  d2f.o ABSOLUTE
    ../fplib/daddsub.s                       0x00000000   Number         0  daddsub_clz.o ABSOLUTE
    ../fplib/dcheck1.s                       0x00000000   Number         0  dcheck1.o ABSOLUTE
    ../fplib/ddiv.s                          0x00000000   Number         0  ddiv.o ABSOLUTE
    ../fplib/dfix.s                          0x00000000   Number         0  dfix.o ABSOLUTE
    ../fplib/dflt.s                          0x00000000   Number         0  dflt_clz.o ABSOLUTE
    ../fplib/dmul.s                          0x00000000   Number         0  dmul.o ABSOLUTE
    ../fplib/dnaninf.s                       0x00000000   Number         0  dnaninf.o ABSOLUTE
    ../fplib/dretinf.s                       0x00000000   Number         0  dretinf.o ABSOLUTE
    ../fplib/f2d.s                           0x00000000   Number         0  f2d.o ABSOLUTE
    ../fplib/faddsub.s                       0x00000000   Number         0  faddsub_clz.o ABSOLUTE
    ../fplib/fcmpi.s                         0x00000000   Number         0  fcmpi.o ABSOLUTE
    ../fplib/fdiv.s                          0x00000000   Number         0  fdiv.o ABSOLUTE
    ../fplib/ffix.s                          0x00000000   Number         0  ffix.o ABSOLUTE
    ../fplib/ffixu.s                         0x00000000   Number         0  ffixu.o ABSOLUTE
    ../fplib/fflt.s                          0x00000000   Number         0  fflt_clz.o ABSOLUTE
    ../fplib/fleqf.s                         0x00000000   Number         0  fleqf.o ABSOLUTE
    ../fplib/fmul.s                          0x00000000   Number         0  fmul.o ABSOLUTE
    ../fplib/fnaninf.s                       0x00000000   Number         0  fnaninf.o ABSOLUTE
    ../fplib/fpinit.s                        0x00000000   Number         0  fpinit.o ABSOLUTE
    ../fplib/fretinf.s                       0x00000000   Number         0  fretinf.o ABSOLUTE
    ../fplib/frleqf.s                        0x00000000   Number         0  frleqf.o ABSOLUTE
    ../fplib/retnan.s                        0x00000000   Number         0  retnan.o ABSOLUTE
    ../fplib/scalbn.s                        0x00000000   Number         0  scalbn.o ABSOLUTE
    ../fplib/trapv.s                         0x00000000   Number         0  trapv.o ABSOLUTE
    ../fplib/usenofp.s                       0x00000000   Number         0  usenofp.o ABSOLUTE
    ../mathlib/cos.c                         0x00000000   Number         0  cos.o ABSOLUTE
    ../mathlib/cos.c                         0x00000000   Number         0  cos_x.o ABSOLUTE
    ../mathlib/cos_i.c                       0x00000000   Number         0  cos_i.o ABSOLUTE
    ../mathlib/dunder.c                      0x00000000   Number         0  dunder.o ABSOLUTE
    ../mathlib/fpclassify.c                  0x00000000   Number         0  fpclassify.o ABSOLUTE
    ../mathlib/poly.c                        0x00000000   Number         0  poly.o ABSOLUTE
    ../mathlib/rred.c                        0x00000000   Number         0  rred.o ABSOLUTE
    ../mathlib/sin_i.c                       0x00000000   Number         0  sin_i_x.o ABSOLUTE
    ../mathlib/sin_i.c                       0x00000000   Number         0  sin_i.o ABSOLUTE
    APP\AD.c                                 0x00000000   Number         0  ad.o ABSOLUTE
    APP\AD_DMA.c                             0x00000000   Number         0  ad_dma.o ABSOLUTE
    APP\Exti_Interrupt.c                     0x00000000   Number         0  exti_interrupt.o ABSOLUTE
    APP\InputCap.c                           0x00000000   Number         0  inputcap.o ABSOLUTE
    APP\Key_Scan.c                           0x00000000   Number         0  key_scan.o ABSOLUTE
    APP\OLED.c                               0x00000000   Number         0  oled.o ABSOLUTE
    APP\PWM.c                                0x00000000   Number         0  pwm.o ABSOLUTE
    APP\Update_Interrupt.c                   0x00000000   Number         0  update_interrupt.o ABSOLUTE
    APP\iwdg.c                               0x00000000   Number         0  iwdg.o ABSOLUTE
    D:\Keil_v5\ARM\PACK\Keil\STM32F1xx_DFP\2.2.0\Device\StdPeriph_Driver\src\misc.c 0x00000000   Number         0  misc.o ABSOLUTE
    D:\Keil_v5\ARM\PACK\Keil\STM32F1xx_DFP\2.2.0\Device\StdPeriph_Driver\src\stm32f10x_adc.c 0x00000000   Number         0  stm32f10x_adc.o ABSOLUTE
    D:\Keil_v5\ARM\PACK\Keil\STM32F1xx_DFP\2.2.0\Device\StdPeriph_Driver\src\stm32f10x_dma.c 0x00000000   Number         0  stm32f10x_dma.o ABSOLUTE
    D:\Keil_v5\ARM\PACK\Keil\STM32F1xx_DFP\2.2.0\Device\StdPeriph_Driver\src\stm32f10x_exti.c 0x00000000   Number         0  stm32f10x_exti.o ABSOLUTE
    D:\Keil_v5\ARM\PACK\Keil\STM32F1xx_DFP\2.2.0\Device\StdPeriph_Driver\src\stm32f10x_iwdg.c 0x00000000   Number         0  stm32f10x_iwdg.o ABSOLUTE
    D:\Keil_v5\ARM\PACK\Keil\STM32F1xx_DFP\2.2.0\Device\StdPeriph_Driver\src\stm32f10x_tim.c 0x00000000   Number         0  stm32f10x_tim.o ABSOLUTE
    Libraries\CMSIS\CM3\CoreSupport\core_cm3.c 0x00000000   Number         0  core_cm3.o ABSOLUTE
    Libraries\CMSIS\CM3\DeviceSupport\ST\STM32F10x\startup\arm\startup_stm32f10x_hd.s 0x00000000   Number         0  startup_stm32f10x_hd.o ABSOLUTE
    Libraries\CMSIS\CM3\DeviceSupport\ST\STM32F10x\system_stm32f10x.c 0x00000000   Number         0  system_stm32f10x.o ABSOLUTE
    Libraries\STM32F10x_StdPeriph_Driver\src\stm32f10x_gpio.c 0x00000000   Number         0  stm32f10x_gpio.o ABSOLUTE
    Libraries\STM32F10x_StdPeriph_Driver\src\stm32f10x_rcc.c 0x00000000   Number         0  stm32f10x_rcc.o ABSOLUTE
    Libraries\\CMSIS\\CM3\\CoreSupport\\core_cm3.c 0x00000000   Number         0  core_cm3.o ABSOLUTE
    dc.s                                     0x00000000   Number         0  dc.o ABSOLUTE
    user\main.c                              0x00000000   Number         0  main.o ABSOLUTE
    user\stm32f10x_it.c                      0x00000000   Number         0  stm32f10x_it.o ABSOLUTE
    RESET                                    0x08000000   Section      304  startup_stm32f10x_hd.o(RESET)
    !!!main                                  0x08000130   Section        8  __main.o(!!!main)
    !!!scatter                               0x08000138   Section       52  __scatter.o(!!!scatter)
    !!dczerorl2                              0x0800016c   Section       90  __dczerorl2.o(!!dczerorl2)
    !!handler_zi                             0x080001c8   Section       28  __scatter_zi.o(!!handler_zi)
    .ARM.Collect$$libinit$$00000000          0x080001e4   Section        2  libinit.o(.ARM.Collect$$libinit$$00000000)
    .ARM.Collect$$libinit$$00000002          0x080001e6   Section        0  libinit2.o(.ARM.Collect$$libinit$$00000002)
    .ARM.Collect$$libinit$$00000004          0x080001e6   Section        0  libinit2.o(.ARM.Collect$$libinit$$00000004)
    .ARM.Collect$$libinit$$0000000A          0x080001e6   Section        0  libinit2.o(.ARM.Collect$$libinit$$0000000A)
    .ARM.Collect$$libinit$$0000000C          0x080001e6   Section        0  libinit2.o(.ARM.Collect$$libinit$$0000000C)
    .ARM.Collect$$libinit$$0000000E          0x080001e6   Section        0  libinit2.o(.ARM.Collect$$libinit$$0000000E)
    .ARM.Collect$$libinit$$00000011          0x080001e6   Section        0  libinit2.o(.ARM.Collect$$libinit$$00000011)
    .ARM.Collect$$libinit$$00000013          0x080001e6   Section        0  libinit2.o(.ARM.Collect$$libinit$$00000013)
    .ARM.Collect$$libinit$$00000015          0x080001e6   Section        0  libinit2.o(.ARM.Collect$$libinit$$00000015)
    .ARM.Collect$$libinit$$00000017          0x080001e6   Section        0  libinit2.o(.ARM.Collect$$libinit$$00000017)
    .ARM.Collect$$libinit$$00000019          0x080001e6   Section        0  libinit2.o(.ARM.Collect$$libinit$$00000019)
    .ARM.Collect$$libinit$$0000001B          0x080001e6   Section        0  libinit2.o(.ARM.Collect$$libinit$$0000001B)
    .ARM.Collect$$libinit$$0000001D          0x080001e6   Section        0  libinit2.o(.ARM.Collect$$libinit$$0000001D)
    .ARM.Collect$$libinit$$0000001F          0x080001e6   Section        0  libinit2.o(.ARM.Collect$$libinit$$0000001F)
    .ARM.Collect$$libinit$$00000021          0x080001e6   Section        0  libinit2.o(.ARM.Collect$$libinit$$00000021)
    .ARM.Collect$$libinit$$00000023          0x080001e6   Section        0  libinit2.o(.ARM.Collect$$libinit$$00000023)
    .ARM.Collect$$libinit$$00000025          0x080001e6   Section        0  libinit2.o(.ARM.Collect$$libinit$$00000025)
    .ARM.Collect$$libinit$$0000002C          0x080001e6   Section        0  libinit2.o(.ARM.Collect$$libinit$$0000002C)
    .ARM.Collect$$libinit$$0000002E          0x080001e6   Section        0  libinit2.o(.ARM.Collect$$libinit$$0000002E)
    .ARM.Collect$$libinit$$00000030          0x080001e6   Section        0  libinit2.o(.ARM.Collect$$libinit$$00000030)
    .ARM.Collect$$libinit$$00000032          0x080001e6   Section        0  libinit2.o(.ARM.Collect$$libinit$$00000032)
    .ARM.Collect$$libinit$$00000033          0x080001e6   Section        2  libinit2.o(.ARM.Collect$$libinit$$00000033)
    .ARM.Collect$$libshutdown$$00000000      0x080001e8   Section        2  libshutdown.o(.ARM.Collect$$libshutdown$$00000000)
    .ARM.Collect$$libshutdown$$00000002      0x080001ea   Section        0  libshutdown2.o(.ARM.Collect$$libshutdown$$00000002)
    .ARM.Collect$$libshutdown$$00000004      0x080001ea   Section        0  libshutdown2.o(.ARM.Collect$$libshutdown$$00000004)
    .ARM.Collect$$libshutdown$$00000007      0x080001ea   Section        0  libshutdown2.o(.ARM.Collect$$libshutdown$$00000007)
    .ARM.Collect$$libshutdown$$0000000A      0x080001ea   Section        0  libshutdown2.o(.ARM.Collect$$libshutdown$$0000000A)
    .ARM.Collect$$libshutdown$$0000000C      0x080001ea   Section        0  libshutdown2.o(.ARM.Collect$$libshutdown$$0000000C)
    .ARM.Collect$$libshutdown$$0000000F      0x080001ea   Section        0  libshutdown2.o(.ARM.Collect$$libshutdown$$0000000F)
    .ARM.Collect$$libshutdown$$00000010      0x080001ea   Section        2  libshutdown2.o(.ARM.Collect$$libshutdown$$00000010)
    .ARM.Collect$$rtentry$$00000000          0x080001ec   Section        0  __rtentry.o(.ARM.Collect$$rtentry$$00000000)
    .ARM.Collect$$rtentry$$00000002          0x080001ec   Section        0  __rtentry2.o(.ARM.Collect$$rtentry$$00000002)
    .ARM.Collect$$rtentry$$00000004          0x080001ec   Section        6  __rtentry4.o(.ARM.Collect$$rtentry$$00000004)
    .ARM.Collect$$rtentry$$00000009          0x080001f2   Section        0  __rtentry2.o(.ARM.Collect$$rtentry$$00000009)
    .ARM.Collect$$rtentry$$0000000A          0x080001f2   Section        4  __rtentry2.o(.ARM.Collect$$rtentry$$0000000A)
    .ARM.Collect$$rtentry$$0000000C          0x080001f6   Section        0  __rtentry2.o(.ARM.Collect$$rtentry$$0000000C)
    .ARM.Collect$$rtentry$$0000000D          0x080001f6   Section        8  __rtentry2.o(.ARM.Collect$$rtentry$$0000000D)
    .ARM.Collect$$rtexit$$00000000           0x080001fe   Section        2  rtexit.o(.ARM.Collect$$rtexit$$00000000)
    .ARM.Collect$$rtexit$$00000002           0x08000200   Section        0  rtexit2.o(.ARM.Collect$$rtexit$$00000002)
    .ARM.Collect$$rtexit$$00000003           0x08000200   Section        4  rtexit2.o(.ARM.Collect$$rtexit$$00000003)
    .ARM.Collect$$rtexit$$00000004           0x08000204   Section        6  rtexit2.o(.ARM.Collect$$rtexit$$00000004)
    .text                                    0x0800020c   Section        0  main.o(.text)
    .text                                    0x08000294   Section        0  stm32f10x_it.o(.text)
    .text                                    0x080002b0   Section        0  system_stm32f10x.o(.text)
    SetSysClockTo72                          0x080002b1   Thumb Code   214  system_stm32f10x.o(.text)
    SetSysClock                              0x08000387   Thumb Code     8  system_stm32f10x.o(.text)
    .text                                    0x08000490   Section       64  startup_stm32f10x_hd.o(.text)
    .text                                    0x080004d0   Section        0  stm32f10x_gpio.o(.text)
    .text                                    0x0800082c   Section        0  stm32f10x_rcc.o(.text)
    .text                                    0x08000bd0   Section        0  exti_interrupt.o(.text)
    .text                                    0x08000c68   Section        0  key_scan.o(.text)
    .text                                    0x080018d4   Section        0  oled.o(.text)
    .text                                    0x08001cb0   Section        0  pwm.o(.text)
    .text                                    0x0800227c   Section        0  update_interrupt.o(.text)
    .text                                    0x080022f4   Section        0  inputcap.o(.text)
    .text                                    0x08002404   Section        0  ad_dma.o(.text)
    BubbleSort                               0x08002405   Thumb Code    72  ad_dma.o(.text)
    .text                                    0x080025a4   Section        0  iwdg.o(.text)
    .text                                    0x080025c8   Section        0  misc.o(.text)
    .text                                    0x080026a4   Section        0  stm32f10x_adc.o(.text)
    .text                                    0x08002af4   Section        0  stm32f10x_dma.o(.text)
    .text                                    0x08002d48   Section        0  stm32f10x_exti.o(.text)
    .text                                    0x08002e64   Section        0  stm32f10x_iwdg.o(.text)
    .text                                    0x08002ea4   Section        0  stm32f10x_tim.o(.text)
    TI4_Config                               0x0800334b   Thumb Code   130  stm32f10x_tim.o(.text)
    TI3_Config                               0x080033df   Thumb Code   122  stm32f10x_tim.o(.text)
    TI2_Config                               0x08003473   Thumb Code   130  stm32f10x_tim.o(.text)
    TI1_Config                               0x08003507   Thumb Code   108  stm32f10x_tim.o(.text)
    .text                                    0x08003cbe   Section        0  heapauxi.o(.text)
    .text                                    0x08003cc4   Section        0  _rserrno.o(.text)
    .text                                    0x08003cdc   Section        8  rt_errno_addr_intlibspace.o(.text)
    .text                                    0x08003ce4   Section        8  libspace.o(.text)
    .text                                    0x08003cec   Section       74  sys_stackheap_outer.o(.text)
    .text                                    0x08003d36   Section        0  exit.o(.text)
    .text                                    0x08003d48   Section        0  sys_exit.o(.text)
    .text                                    0x08003d54   Section        2  use_no_semi.o(.text)
    .text                                    0x08003d56   Section        0  indicate_semi.o(.text)
    i.__ARM_fpclassify                       0x08003d56   Section        0  fpclassify.o(i.__ARM_fpclassify)
    i.__ieee754_rem_pio2                     0x08003d80   Section        0  rred.o(i.__ieee754_rem_pio2)
    i.__kernel_cos                           0x08004108   Section        0  cos_i.o(i.__kernel_cos)
    i.__kernel_poly                          0x08004204   Section        0  poly.o(i.__kernel_poly)
    i.__kernel_sin                           0x080042b0   Section        0  sin_i.o(i.__kernel_sin)
    i.__mathlib_dbl_infnan                   0x0800439c   Section        0  dunder.o(i.__mathlib_dbl_infnan)
    i.__mathlib_dbl_invalid                  0x080043a2   Section        0  dunder.o(i.__mathlib_dbl_invalid)
    i.__mathlib_dbl_underflow                0x080043b0   Section        0  dunder.o(i.__mathlib_dbl_underflow)
    i.cos                                    0x080043c0   Section        0  cos.o(i.cos)
    x$fpl$d2f                                0x0800445c   Section       98  d2f.o(x$fpl$d2f)
    x$fpl$dadd                               0x080044c0   Section      336  daddsub_clz.o(x$fpl$dadd)
    _dadd1                                   0x080044d1   Thumb Code     0  daddsub_clz.o(x$fpl$dadd)
    x$fpl$dcheck1                            0x08004610   Section       16  dcheck1.o(x$fpl$dcheck1)
    x$fpl$ddiv                               0x08004620   Section      688  ddiv.o(x$fpl$ddiv)
    ddiv_entry                               0x08004627   Thumb Code     0  ddiv.o(x$fpl$ddiv)
    x$fpl$dfix                               0x080048d0   Section       94  dfix.o(x$fpl$dfix)
    x$fpl$dflt                               0x0800492e   Section       46  dflt_clz.o(x$fpl$dflt)
    x$fpl$dfltu                              0x0800495c   Section       38  dflt_clz.o(x$fpl$dfltu)
    x$fpl$dmul                               0x08004984   Section      340  dmul.o(x$fpl$dmul)
    x$fpl$dnaninf                            0x08004ad8   Section      156  dnaninf.o(x$fpl$dnaninf)
    x$fpl$dretinf                            0x08004b74   Section       12  dretinf.o(x$fpl$dretinf)
    x$fpl$drsb                               0x08004b80   Section       22  daddsub_clz.o(x$fpl$drsb)
    x$fpl$dsub                               0x08004b98   Section      468  daddsub_clz.o(x$fpl$dsub)
    _dsub1                                   0x08004ba9   Thumb Code     0  daddsub_clz.o(x$fpl$dsub)
    x$fpl$f2d                                0x08004d6c   Section       86  f2d.o(x$fpl$f2d)
    x$fpl$fadd                               0x08004dc4   Section      196  faddsub_clz.o(x$fpl$fadd)
    _fadd1                                   0x08004dd3   Thumb Code     0  faddsub_clz.o(x$fpl$fadd)
    x$fpl$fcmpinf                            0x08004e88   Section       24  fcmpi.o(x$fpl$fcmpinf)
    x$fpl$fdiv                               0x08004ea0   Section      388  fdiv.o(x$fpl$fdiv)
    _fdiv1                                   0x08004ea1   Thumb Code     0  fdiv.o(x$fpl$fdiv)
    x$fpl$ffix                               0x08005024   Section       54  ffix.o(x$fpl$ffix)
    x$fpl$ffixu                              0x0800505c   Section       62  ffixu.o(x$fpl$ffixu)
    x$fpl$fflt                               0x0800509c   Section       48  fflt_clz.o(x$fpl$fflt)
    x$fpl$ffltu                              0x080050cc   Section       38  fflt_clz.o(x$fpl$ffltu)
    x$fpl$fleqf                              0x080050f4   Section      104  fleqf.o(x$fpl$fleqf)
    x$fpl$fmul                               0x0800515c   Section      258  fmul.o(x$fpl$fmul)
    x$fpl$fnaninf                            0x0800525e   Section      140  fnaninf.o(x$fpl$fnaninf)
    x$fpl$fretinf                            0x080052ea   Section       10  fretinf.o(x$fpl$fretinf)
    x$fpl$frleqf                             0x080052f4   Section       98  frleqf.o(x$fpl$frleqf)
    x$fpl$fsub                               0x08005358   Section      234  faddsub_clz.o(x$fpl$fsub)
    _fsub1                                   0x08005367   Thumb Code     0  faddsub_clz.o(x$fpl$fsub)
    x$fpl$retnan                             0x08005442   Section      100  retnan.o(x$fpl$retnan)
    x$fpl$scalbn                             0x080054a6   Section       92  scalbn.o(x$fpl$scalbn)
    x$fpl$trapveneer                         0x08005502   Section       48  trapv.o(x$fpl$trapveneer)
    .constdata                               0x08005532   Section     2072  oled.o(.constdata)
    x$fpl$usenofp                            0x08005532   Section        0  usenofp.o(x$fpl$usenofp)
    .constdata                               0x08005d50   Section       48  cos_i.o(.constdata)
    C                                        0x08005d50   Data          48  cos_i.o(.constdata)
    .constdata                               0x08005d80   Section      200  rred.o(.constdata)
    pio2s                                    0x08005d80   Data          48  rred.o(.constdata)
    twooverpi                                0x08005db0   Data         152  rred.o(.constdata)
    .constdata                               0x08005e48   Section       40  sin_i.o(.constdata)
    S                                        0x08005e48   Data          40  sin_i.o(.constdata)
    .data                                    0x20000000   Section       20  system_stm32f10x.o(.data)
    .data                                    0x20000014   Section       20  stm32f10x_rcc.o(.data)
    APBAHBPrescTable                         0x20000014   Data          16  stm32f10x_rcc.o(.data)
    ADCPrescTable                            0x20000024   Data           4  stm32f10x_rcc.o(.data)
    .data                                    0x20000028   Section       12  key_scan.o(.data)
    .data                                    0x20000034   Section     8064  pwm.o(.data)
    .data                                    0x20001fb4   Section       32  ad_dma.o(.data)
    .bss                                     0x20001fd4   Section       20  key_scan.o(.bss)
    .bss                                     0x20001fe8   Section       96  libspace.o(.bss)
    HEAP                                     0x20002048   Section      512  startup_stm32f10x_hd.o(HEAP)
    Heap_Mem                                 0x20002048   Data         512  startup_stm32f10x_hd.o(HEAP)
    STACK                                    0x20002248   Section     1024  startup_stm32f10x_hd.o(STACK)
    Stack_Mem                                0x20002248   Data        1024  startup_stm32f10x_hd.o(STACK)
    __initial_sp                             0x20002648   Data           0  startup_stm32f10x_hd.o(STACK)

    Global Symbols

    Symbol Name                              Value     Ov Type        Size  Object(Section)

    BuildAttributes$$THM_ISAv4$P$D$K$B$S$PE$A:L22UL41UL21$X:L11$S22US41US21$IEEE1$IW$USESV6$~STKCKD$USESV7$~SHL$OTIME$ROPI$IEEEX$EBA8$UX$STANDARDLIB$REQ8$PRES8$EABIv2 0x00000000   Number         0  anon$$obj.o ABSOLUTE
    __ARM_use_no_argv                        0x00000000   Number         0  main.o ABSOLUTE
    __ARM_exceptions_init                     - Undefined Weak Reference
    __alloca_initialize                       - Undefined Weak Reference
    __arm_preinit_                            - Undefined Weak Reference
    __cpp_initialize__aeabi_                  - Undefined Weak Reference
    __cxa_finalize                            - Undefined Weak Reference
    __rt_locale                               - Undefined Weak Reference
    __sigvec_lookup                           - Undefined Weak Reference
    _atexit_init                              - Undefined Weak Reference
    _call_atexit_fns                          - Undefined Weak Reference
    _clock_init                               - Undefined Weak Reference
    _fp_trap_init                             - Undefined Weak Reference
    _fp_trap_shutdown                         - Undefined Weak Reference
    _get_lc_collate                           - Undefined Weak Reference
    _get_lc_ctype                             - Undefined Weak Reference
    _get_lc_monetary                          - Undefined Weak Reference
    _get_lc_numeric                           - Undefined Weak Reference
    _get_lc_time                              - Undefined Weak Reference
    _getenv_init                              - Undefined Weak Reference
    _handle_redirection                       - Undefined Weak Reference
    _init_alloc                               - Undefined Weak Reference
    _init_user_alloc                          - Undefined Weak Reference
    _initio                                   - Undefined Weak Reference
    _rand_init                                - Undefined Weak Reference
    _signal_finish                            - Undefined Weak Reference
    _signal_init                              - Undefined Weak Reference
    _terminate_alloc                          - Undefined Weak Reference
    _terminate_user_alloc                     - Undefined Weak Reference
    _terminateio                              - Undefined Weak Reference
    __Vectors_Size                           0x00000130   Number         0  startup_stm32f10x_hd.o ABSOLUTE
    __Vectors                                0x08000000   Data           4  startup_stm32f10x_hd.o(RESET)
    __Vectors_End                            0x08000130   Data           0  startup_stm32f10x_hd.o(RESET)
    __main                                   0x08000131   Thumb Code     8  __main.o(!!!main)
    __scatterload                            0x08000139   Thumb Code     0  __scatter.o(!!!scatter)
    __scatterload_rt2                        0x08000139   Thumb Code    44  __scatter.o(!!!scatter)
    __scatterload_rt2_thumb_only             0x08000139   Thumb Code     0  __scatter.o(!!!scatter)
    __scatterload_null                       0x08000147   Thumb Code     0  __scatter.o(!!!scatter)
    __decompress                             0x0800016d   Thumb Code    90  __dczerorl2.o(!!dczerorl2)
    __decompress1                            0x0800016d   Thumb Code     0  __dczerorl2.o(!!dczerorl2)
    __scatterload_zeroinit                   0x080001c9   Thumb Code    28  __scatter_zi.o(!!handler_zi)
    __rt_lib_init                            0x080001e5   Thumb Code     0  libinit.o(.ARM.Collect$$libinit$$00000000)
    __rt_lib_init_alloca_1                   0x080001e7   Thumb Code     0  libinit2.o(.ARM.Collect$$libinit$$0000002E)
    __rt_lib_init_argv_1                     0x080001e7   Thumb Code     0  libinit2.o(.ARM.Collect$$libinit$$0000002C)
    __rt_lib_init_atexit_1                   0x080001e7   Thumb Code     0  libinit2.o(.ARM.Collect$$libinit$$0000001B)
    __rt_lib_init_clock_1                    0x080001e7   Thumb Code     0  libinit2.o(.ARM.Collect$$libinit$$00000021)
    __rt_lib_init_cpp_1                      0x080001e7   Thumb Code     0  libinit2.o(.ARM.Collect$$libinit$$00000032)
    __rt_lib_init_exceptions_1               0x080001e7   Thumb Code     0  libinit2.o(.ARM.Collect$$libinit$$00000030)
    __rt_lib_init_fp_1                       0x080001e7   Thumb Code     0  libinit2.o(.ARM.Collect$$libinit$$00000002)
    __rt_lib_init_fp_trap_1                  0x080001e7   Thumb Code     0  libinit2.o(.ARM.Collect$$libinit$$0000001F)
    __rt_lib_init_getenv_1                   0x080001e7   Thumb Code     0  libinit2.o(.ARM.Collect$$libinit$$00000023)
    __rt_lib_init_heap_1                     0x080001e7   Thumb Code     0  libinit2.o(.ARM.Collect$$libinit$$0000000A)
    __rt_lib_init_lc_collate_1               0x080001e7   Thumb Code     0  libinit2.o(.ARM.Collect$$libinit$$00000011)
    __rt_lib_init_lc_ctype_1                 0x080001e7   Thumb Code     0  libinit2.o(.ARM.Collect$$libinit$$00000013)
    __rt_lib_init_lc_monetary_1              0x080001e7   Thumb Code     0  libinit2.o(.ARM.Collect$$libinit$$00000015)
    __rt_lib_init_lc_numeric_1               0x080001e7   Thumb Code     0  libinit2.o(.ARM.Collect$$libinit$$00000017)
    __rt_lib_init_lc_time_1                  0x080001e7   Thumb Code     0  libinit2.o(.ARM.Collect$$libinit$$00000019)
    __rt_lib_init_preinit_1                  0x080001e7   Thumb Code     0  libinit2.o(.ARM.Collect$$libinit$$00000004)
    __rt_lib_init_rand_1                     0x080001e7   Thumb Code     0  libinit2.o(.ARM.Collect$$libinit$$0000000E)
    __rt_lib_init_return                     0x080001e7   Thumb Code     0  libinit2.o(.ARM.Collect$$libinit$$00000033)
    __rt_lib_init_signal_1                   0x080001e7   Thumb Code     0  libinit2.o(.ARM.Collect$$libinit$$0000001D)
    __rt_lib_init_stdio_1                    0x080001e7   Thumb Code     0  libinit2.o(.ARM.Collect$$libinit$$00000025)
    __rt_lib_init_user_alloc_1               0x080001e7   Thumb Code     0  libinit2.o(.ARM.Collect$$libinit$$0000000C)
    __rt_lib_shutdown                        0x080001e9   Thumb Code     0  libshutdown.o(.ARM.Collect$$libshutdown$$00000000)
    __rt_lib_shutdown_cpp_1                  0x080001eb   Thumb Code     0  libshutdown2.o(.ARM.Collect$$libshutdown$$00000002)
    __rt_lib_shutdown_fp_trap_1              0x080001eb   Thumb Code     0  libshutdown2.o(.ARM.Collect$$libshutdown$$00000007)
    __rt_lib_shutdown_heap_1                 0x080001eb   Thumb Code     0  libshutdown2.o(.ARM.Collect$$libshutdown$$0000000F)
    __rt_lib_shutdown_return                 0x080001eb   Thumb Code     0  libshutdown2.o(.ARM.Collect$$libshutdown$$00000010)
    __rt_lib_shutdown_signal_1               0x080001eb   Thumb Code     0  libshutdown2.o(.ARM.Collect$$libshutdown$$0000000A)
    __rt_lib_shutdown_stdio_1                0x080001eb   Thumb Code     0  libshutdown2.o(.ARM.Collect$$libshutdown$$00000004)
    __rt_lib_shutdown_user_alloc_1           0x080001eb   Thumb Code     0  libshutdown2.o(.ARM.Collect$$libshutdown$$0000000C)
    __rt_entry                               0x080001ed   Thumb Code     0  __rtentry.o(.ARM.Collect$$rtentry$$00000000)
    __rt_entry_presh_1                       0x080001ed   Thumb Code     0  __rtentry2.o(.ARM.Collect$$rtentry$$00000002)
    __rt_entry_sh                            0x080001ed   Thumb Code     0  __rtentry4.o(.ARM.Collect$$rtentry$$00000004)
    __rt_entry_li                            0x080001f3   Thumb Code     0  __rtentry2.o(.ARM.Collect$$rtentry$$0000000A)
    __rt_entry_postsh_1                      0x080001f3   Thumb Code     0  __rtentry2.o(.ARM.Collect$$rtentry$$00000009)
    __rt_entry_main                          0x080001f7   Thumb Code     0  __rtentry2.o(.ARM.Collect$$rtentry$$0000000D)
    __rt_entry_postli_1                      0x080001f7   Thumb Code     0  __rtentry2.o(.ARM.Collect$$rtentry$$0000000C)
    __rt_exit                                0x080001ff   Thumb Code     0  rtexit.o(.ARM.Collect$$rtexit$$00000000)
    __rt_exit_ls                             0x08000201   Thumb Code     0  rtexit2.o(.ARM.Collect$$rtexit$$00000003)
    __rt_exit_prels_1                        0x08000201   Thumb Code     0  rtexit2.o(.ARM.Collect$$rtexit$$00000002)
    __rt_exit_exit                           0x08000205   Thumb Code     0  rtexit2.o(.ARM.Collect$$rtexit$$00000004)
    main                                     0x0800020d   Thumb Code   124  main.o(.text)
    NMI_Handler                              0x08000295   Thumb Code     2  stm32f10x_it.o(.text)
    HardFault_Handler                        0x08000297   Thumb Code     4  stm32f10x_it.o(.text)
    MemManage_Handler                        0x0800029b   Thumb Code     4  stm32f10x_it.o(.text)
    BusFault_Handler                         0x0800029f   Thumb Code     4  stm32f10x_it.o(.text)
    UsageFault_Handler                       0x080002a3   Thumb Code     4  stm32f10x_it.o(.text)
    SVC_Handler                              0x080002a7   Thumb Code     2  stm32f10x_it.o(.text)
    DebugMon_Handler                         0x080002a9   Thumb Code     2  stm32f10x_it.o(.text)
    PendSV_Handler                           0x080002ab   Thumb Code     2  stm32f10x_it.o(.text)
    SysTick_Handler                          0x080002ad   Thumb Code     2  stm32f10x_it.o(.text)
    SystemInit                               0x0800038f   Thumb Code    78  system_stm32f10x.o(.text)
    SystemCoreClockUpdate                    0x080003dd   Thumb Code   142  system_stm32f10x.o(.text)
    Reset_Handler                            0x08000491   Thumb Code     8  startup_stm32f10x_hd.o(.text)
    ADC1_2_IRQHandler                        0x080004ab   Thumb Code     0  startup_stm32f10x_hd.o(.text)
    ADC3_IRQHandler                          0x080004ab   Thumb Code     0  startup_stm32f10x_hd.o(.text)
    CAN1_RX1_IRQHandler                      0x080004ab   Thumb Code     0  startup_stm32f10x_hd.o(.text)
    CAN1_SCE_IRQHandler                      0x080004ab   Thumb Code     0  startup_stm32f10x_hd.o(.text)
    DMA1_Channel1_IRQHandler                 0x080004ab   Thumb Code     0  startup_stm32f10x_hd.o(.text)
    DMA1_Channel2_IRQHandler                 0x080004ab   Thumb Code     0  startup_stm32f10x_hd.o(.text)
    DMA1_Channel3_IRQHandler                 0x080004ab   Thumb Code     0  startup_stm32f10x_hd.o(.text)
    DMA1_Channel4_IRQHandler                 0x080004ab   Thumb Code     0  startup_stm32f10x_hd.o(.text)
    DMA1_Channel5_IRQHandler                 0x080004ab   Thumb Code     0  startup_stm32f10x_hd.o(.text)
    DMA1_Channel6_IRQHandler                 0x080004ab   Thumb Code     0  startup_stm32f10x_hd.o(.text)
    DMA1_Channel7_IRQHandler                 0x080004ab   Thumb Code     0  startup_stm32f10x_hd.o(.text)
    DMA2_Channel1_IRQHandler                 0x080004ab   Thumb Code     0  startup_stm32f10x_hd.o(.text)
    DMA2_Channel2_IRQHandler                 0x080004ab   Thumb Code     0  startup_stm32f10x_hd.o(.text)
    DMA2_Channel3_IRQHandler                 0x080004ab   Thumb Code     0  startup_stm32f10x_hd.o(.text)
    DMA2_Channel4_5_IRQHandler               0x080004ab   Thumb Code     0  startup_stm32f10x_hd.o(.text)
    EXTI0_IRQHandler                         0x080004ab   Thumb Code     0  startup_stm32f10x_hd.o(.text)
    EXTI15_10_IRQHandler                     0x080004ab   Thumb Code     0  startup_stm32f10x_hd.o(.text)
    EXTI1_IRQHandler                         0x080004ab   Thumb Code     0  startup_stm32f10x_hd.o(.text)
    EXTI2_IRQHandler                         0x080004ab   Thumb Code     0  startup_stm32f10x_hd.o(.text)
    EXTI3_IRQHandler                         0x080004ab   Thumb Code     0  startup_stm32f10x_hd.o(.text)
    EXTI4_IRQHandler                         0x080004ab   Thumb Code     0  startup_stm32f10x_hd.o(.text)
    FLASH_IRQHandler                         0x080004ab   Thumb Code     0  startup_stm32f10x_hd.o(.text)
    FSMC_IRQHandler                          0x080004ab   Thumb Code     0  startup_stm32f10x_hd.o(.text)
    I2C1_ER_IRQHandler                       0x080004ab   Thumb Code     0  startup_stm32f10x_hd.o(.text)
    I2C1_EV_IRQHandler                       0x080004ab   Thumb Code     0  startup_stm32f10x_hd.o(.text)
    I2C2_ER_IRQHandler                       0x080004ab   Thumb Code     0  startup_stm32f10x_hd.o(.text)
    I2C2_EV_IRQHandler                       0x080004ab   Thumb Code     0  startup_stm32f10x_hd.o(.text)
    PVD_IRQHandler                           0x080004ab   Thumb Code     0  startup_stm32f10x_hd.o(.text)
    RCC_IRQHandler                           0x080004ab   Thumb Code     0  startup_stm32f10x_hd.o(.text)
    RTCAlarm_IRQHandler                      0x080004ab   Thumb Code     0  startup_stm32f10x_hd.o(.text)
    RTC_IRQHandler                           0x080004ab   Thumb Code     0  startup_stm32f10x_hd.o(.text)
    SDIO_IRQHandler                          0x080004ab   Thumb Code     0  startup_stm32f10x_hd.o(.text)
    SPI1_IRQHandler                          0x080004ab   Thumb Code     0  startup_stm32f10x_hd.o(.text)
    SPI2_IRQHandler                          0x080004ab   Thumb Code     0  startup_stm32f10x_hd.o(.text)
    SPI3_IRQHandler                          0x080004ab   Thumb Code     0  startup_stm32f10x_hd.o(.text)
    TAMPER_IRQHandler                        0x080004ab   Thumb Code     0  startup_stm32f10x_hd.o(.text)
    TIM1_BRK_IRQHandler                      0x080004ab   Thumb Code     0  startup_stm32f10x_hd.o(.text)
    TIM1_CC_IRQHandler                       0x080004ab   Thumb Code     0  startup_stm32f10x_hd.o(.text)
    TIM1_TRG_COM_IRQHandler                  0x080004ab   Thumb Code     0  startup_stm32f10x_hd.o(.text)
    TIM1_UP_IRQHandler                       0x080004ab   Thumb Code     0  startup_stm32f10x_hd.o(.text)
    TIM2_IRQHandler                          0x080004ab   Thumb Code     0  startup_stm32f10x_hd.o(.text)
    TIM5_IRQHandler                          0x080004ab   Thumb Code     0  startup_stm32f10x_hd.o(.text)
    TIM6_IRQHandler                          0x080004ab   Thumb Code     0  startup_stm32f10x_hd.o(.text)
    TIM7_IRQHandler                          0x080004ab   Thumb Code     0  startup_stm32f10x_hd.o(.text)
    TIM8_BRK_IRQHandler                      0x080004ab   Thumb Code     0  startup_stm32f10x_hd.o(.text)
    TIM8_CC_IRQHandler                       0x080004ab   Thumb Code     0  startup_stm32f10x_hd.o(.text)
    TIM8_TRG_COM_IRQHandler                  0x080004ab   Thumb Code     0  startup_stm32f10x_hd.o(.text)
    UART4_IRQHandler                         0x080004ab   Thumb Code     0  startup_stm32f10x_hd.o(.text)
    UART5_IRQHandler                         0x080004ab   Thumb Code     0  startup_stm32f10x_hd.o(.text)
    USART1_IRQHandler                        0x080004ab   Thumb Code     0  startup_stm32f10x_hd.o(.text)
    USART2_IRQHandler                        0x080004ab   Thumb Code     0  startup_stm32f10x_hd.o(.text)
    USART3_IRQHandler                        0x080004ab   Thumb Code     0  startup_stm32f10x_hd.o(.text)
    USBWakeUp_IRQHandler                     0x080004ab   Thumb Code     0  startup_stm32f10x_hd.o(.text)
    USB_HP_CAN1_TX_IRQHandler                0x080004ab   Thumb Code     0  startup_stm32f10x_hd.o(.text)
    USB_LP_CAN1_RX0_IRQHandler               0x080004ab   Thumb Code     0  startup_stm32f10x_hd.o(.text)
    WWDG_IRQHandler                          0x080004ab   Thumb Code     0  startup_stm32f10x_hd.o(.text)
    __user_initial_stackheap                 0x080004ad   Thumb Code     0  startup_stm32f10x_hd.o(.text)
    GPIO_DeInit                              0x080004d1   Thumb Code   172  stm32f10x_gpio.o(.text)
    GPIO_AFIODeInit                          0x0800057d   Thumb Code    20  stm32f10x_gpio.o(.text)
    GPIO_Init                                0x08000591   Thumb Code   278  stm32f10x_gpio.o(.text)
    GPIO_StructInit                          0x080006a7   Thumb Code    16  stm32f10x_gpio.o(.text)
    GPIO_ReadInputDataBit                    0x080006b7   Thumb Code    18  stm32f10x_gpio.o(.text)
    GPIO_ReadInputData                       0x080006c9   Thumb Code     8  stm32f10x_gpio.o(.text)
    GPIO_ReadOutputDataBit                   0x080006d1   Thumb Code    18  stm32f10x_gpio.o(.text)
    GPIO_ReadOutputData                      0x080006e3   Thumb Code     8  stm32f10x_gpio.o(.text)
    GPIO_SetBits                             0x080006eb   Thumb Code     4  stm32f10x_gpio.o(.text)
    GPIO_ResetBits                           0x080006ef   Thumb Code     4  stm32f10x_gpio.o(.text)
    GPIO_WriteBit                            0x080006f3   Thumb Code    10  stm32f10x_gpio.o(.text)
    GPIO_Write                               0x080006fd   Thumb Code     4  stm32f10x_gpio.o(.text)
    GPIO_PinLockConfig                       0x08000701   Thumb Code    18  stm32f10x_gpio.o(.text)
    GPIO_EventOutputConfig                   0x08000713   Thumb Code    26  stm32f10x_gpio.o(.text)
    GPIO_EventOutputCmd                      0x0800072d   Thumb Code     6  stm32f10x_gpio.o(.text)
    GPIO_PinRemapConfig                      0x08000733   Thumb Code   138  stm32f10x_gpio.o(.text)
    GPIO_EXTILineConfig                      0x080007bd   Thumb Code    66  stm32f10x_gpio.o(.text)
    GPIO_ETH_MediaInterfaceConfig            0x080007ff   Thumb Code     8  stm32f10x_gpio.o(.text)
    RCC_DeInit                               0x0800082d   Thumb Code    64  stm32f10x_rcc.o(.text)
    RCC_HSEConfig                            0x0800086d   Thumb Code    70  stm32f10x_rcc.o(.text)
    RCC_GetFlagStatus                        0x080008b3   Thumb Code    56  stm32f10x_rcc.o(.text)
    RCC_WaitForHSEStartUp                    0x080008eb   Thumb Code    56  stm32f10x_rcc.o(.text)
    RCC_AdjustHSICalibrationValue            0x08000923   Thumb Code    20  stm32f10x_rcc.o(.text)
    RCC_HSICmd                               0x08000937   Thumb Code     6  stm32f10x_rcc.o(.text)
    RCC_PLLConfig                            0x0800093d   Thumb Code    24  stm32f10x_rcc.o(.text)
    RCC_PLLCmd                               0x08000955   Thumb Code     6  stm32f10x_rcc.o(.text)
    RCC_SYSCLKConfig                         0x0800095b   Thumb Code    18  stm32f10x_rcc.o(.text)
    RCC_GetSYSCLKSource                      0x0800096d   Thumb Code    10  stm32f10x_rcc.o(.text)
    RCC_HCLKConfig                           0x08000977   Thumb Code    18  stm32f10x_rcc.o(.text)
    RCC_PCLK1Config                          0x08000989   Thumb Code    18  stm32f10x_rcc.o(.text)
    RCC_PCLK2Config                          0x0800099b   Thumb Code    20  stm32f10x_rcc.o(.text)
    RCC_ITConfig                             0x080009af   Thumb Code    26  stm32f10x_rcc.o(.text)
    RCC_USBCLKConfig                         0x080009c9   Thumb Code     8  stm32f10x_rcc.o(.text)
    RCC_ADCCLKConfig                         0x080009d1   Thumb Code    18  stm32f10x_rcc.o(.text)
    RCC_LSEConfig                            0x080009e3   Thumb Code    50  stm32f10x_rcc.o(.text)
    RCC_LSICmd                               0x08000a15   Thumb Code     6  stm32f10x_rcc.o(.text)
    RCC_RTCCLKConfig                         0x08000a1b   Thumb Code    12  stm32f10x_rcc.o(.text)
    RCC_RTCCLKCmd                            0x08000a27   Thumb Code     8  stm32f10x_rcc.o(.text)
    RCC_GetClocksFreq                        0x08000a2f   Thumb Code   192  stm32f10x_rcc.o(.text)
    RCC_AHBPeriphClockCmd                    0x08000aef   Thumb Code    26  stm32f10x_rcc.o(.text)
    RCC_APB2PeriphClockCmd                   0x08000b09   Thumb Code    26  stm32f10x_rcc.o(.text)
    RCC_APB1PeriphClockCmd                   0x08000b23   Thumb Code    26  stm32f10x_rcc.o(.text)
    RCC_APB2PeriphResetCmd                   0x08000b3d   Thumb Code    26  stm32f10x_rcc.o(.text)
    RCC_APB1PeriphResetCmd                   0x08000b57   Thumb Code    26  stm32f10x_rcc.o(.text)
    RCC_BackupResetCmd                       0x08000b71   Thumb Code     8  stm32f10x_rcc.o(.text)
    RCC_ClockSecuritySystemCmd               0x08000b79   Thumb Code     6  stm32f10x_rcc.o(.text)
    RCC_MCOConfig                            0x08000b7f   Thumb Code     6  stm32f10x_rcc.o(.text)
    RCC_ClearFlag                            0x08000b85   Thumb Code    14  stm32f10x_rcc.o(.text)
    RCC_GetITStatus                          0x08000b93   Thumb Code    20  stm32f10x_rcc.o(.text)
    RCC_ClearITPendingBit                    0x08000ba7   Thumb Code     6  stm32f10x_rcc.o(.text)
    Exti_Init                                0x08000bd1   Thumb Code   124  exti_interrupt.o(.text)
    EXTI9_5_IRQHandler                       0x08000c4d   Thumb Code    22  exti_interrupt.o(.text)
    Key_Scan_Init                            0x08000c69   Thumb Code    68  key_scan.o(.text)
    Key_Dealy                                0x08000cad   Thumb Code    26  key_scan.o(.text)
    Key_Scan                                 0x08000cc7   Thumb Code  2980  key_scan.o(.text)
    delay                                    0x080018d5   Thumb Code    22  oled.o(.text)
    OLED_Write_Byte                          0x080018eb   Thumb Code   100  oled.o(.text)
    OLED_Clear                               0x0800194f   Thumb Code    58  oled.o(.text)
    OLED_Set_Pos                             0x08001989   Thumb Code    42  oled.o(.text)
    OLED_Display_On                          0x080019b3   Thumb Code    28  oled.o(.text)
    OLED_Display_Off                         0x080019cf   Thumb Code    28  oled.o(.text)
    OLED_ShowChar                            0x080019eb   Thumb Code   102  oled.o(.text)
    oled_pow                                 0x08001a51   Thumb Code    20  oled.o(.text)
    OLED_ShowNum                             0x08001a65   Thumb Code   122  oled.o(.text)
    OLED_ShowString                          0x08001adf   Thumb Code    54  oled.o(.text)
    GPIO_OLED                                0x08001b15   Thumb Code    90  oled.o(.text)
    OLED_Init                                0x08001b6f   Thumb Code   306  oled.o(.text)
    Tim8_Delay_ms                            0x08001cb1   Thumb Code    54  pwm.o(.text)
    time8_init                               0x08001ce7   Thumb Code   182  pwm.o(.text)
    TIM8_UP_IRQHandler                       0x08001d9d   Thumb Code   638  pwm.o(.text)
    Compute_SPWM_TABLE                       0x0800201b   Thumb Code   350  pwm.o(.text)
    time2_init                               0x08002179   Thumb Code   136  pwm.o(.text)
    time8_gpio                               0x08002201   Thumb Code    90  pwm.o(.text)
    time3_init                               0x0800227d   Thumb Code    92  update_interrupt.o(.text)
    TIM3_IRQHandler                          0x080022d9   Thumb Code    22  update_interrupt.o(.text)
    TIM4_Cap_Init                            0x080022f5   Thumb Code   218  inputcap.o(.text)
    TIM4_IRQHandler                          0x080023cf   Thumb Code    46  inputcap.o(.text)
    ADC1_GPIO_Config                         0x0800244d   Thumb Code    48  ad_dma.o(.text)
    ADC1_Mode_Config                         0x0800247d   Thumb Code   224  ad_dma.o(.text)
    read_ADC_DMA                             0x0800255d   Thumb Code    46  ad_dma.o(.text)
    iwdg_init                                0x080025a5   Thumb Code    34  iwdg.o(.text)
    NVIC_PriorityGroupConfig                 0x080025c9   Thumb Code    10  misc.o(.text)
    NVIC_Init                                0x080025d3   Thumb Code   100  misc.o(.text)
    NVIC_SetVectorTable                      0x08002637   Thumb Code    14  misc.o(.text)
    NVIC_SystemLPConfig                      0x08002645   Thumb Code    34  misc.o(.text)
    SysTick_CLKSourceConfig                  0x08002667   Thumb Code    40  misc.o(.text)
    ADC_DeInit                               0x080026a5   Thumb Code    78  stm32f10x_adc.o(.text)
    ADC_Init                                 0x080026f3   Thumb Code    70  stm32f10x_adc.o(.text)
    ADC_StructInit                           0x08002739   Thumb Code    18  stm32f10x_adc.o(.text)
    ADC_Cmd                                  0x0800274b   Thumb Code    22  stm32f10x_adc.o(.text)
    ADC_DMACmd                               0x08002761   Thumb Code    22  stm32f10x_adc.o(.text)
    ADC_ITConfig                             0x08002777   Thumb Code    24  stm32f10x_adc.o(.text)
    ADC_ResetCalibration                     0x0800278f   Thumb Code    10  stm32f10x_adc.o(.text)
    ADC_GetResetCalibrationStatus            0x08002799   Thumb Code    20  stm32f10x_adc.o(.text)
    ADC_StartCalibration                     0x080027ad   Thumb Code    10  stm32f10x_adc.o(.text)
    ADC_GetCalibrationStatus                 0x080027b7   Thumb Code    20  stm32f10x_adc.o(.text)
    ADC_SoftwareStartConvCmd                 0x080027cb   Thumb Code    22  stm32f10x_adc.o(.text)
    ADC_GetSoftwareStartConvStatus           0x080027e1   Thumb Code    20  stm32f10x_adc.o(.text)
    ADC_DiscModeChannelCountConfig           0x080027f5   Thumb Code    24  stm32f10x_adc.o(.text)
    ADC_DiscModeCmd                          0x0800280d   Thumb Code    22  stm32f10x_adc.o(.text)
    ADC_RegularChannelConfig                 0x08002823   Thumb Code   184  stm32f10x_adc.o(.text)
    ADC_ExternalTrigConvCmd                  0x080028db   Thumb Code    22  stm32f10x_adc.o(.text)
    ADC_GetConversionValue                   0x080028f1   Thumb Code     8  stm32f10x_adc.o(.text)
    ADC_GetDualModeConversionValue           0x080028f9   Thumb Code     8  stm32f10x_adc.o(.text)
    ADC_AutoInjectedConvCmd                  0x08002901   Thumb Code    22  stm32f10x_adc.o(.text)
    ADC_InjectedDiscModeCmd                  0x08002917   Thumb Code    22  stm32f10x_adc.o(.text)
    ADC_ExternalTrigInjectedConvConfig       0x0800292d   Thumb Code    16  stm32f10x_adc.o(.text)
    ADC_ExternalTrigInjectedConvCmd          0x0800293d   Thumb Code    22  stm32f10x_adc.o(.text)
    ADC_SoftwareStartInjectedConvCmd         0x08002953   Thumb Code    22  stm32f10x_adc.o(.text)
    ADC_GetSoftwareStartInjectedConvCmdStatus 0x08002969   Thumb Code    20  stm32f10x_adc.o(.text)
    ADC_InjectedChannelConfig                0x0800297d   Thumb Code   130  stm32f10x_adc.o(.text)
    ADC_InjectedSequencerLengthConfig        0x080029ff   Thumb Code    24  stm32f10x_adc.o(.text)
    ADC_SetInjectedOffset                    0x08002a17   Thumb Code    20  stm32f10x_adc.o(.text)
    ADC_GetInjectedConversionValue           0x08002a2b   Thumb Code    28  stm32f10x_adc.o(.text)
    ADC_AnalogWatchdogCmd                    0x08002a47   Thumb Code    16  stm32f10x_adc.o(.text)
    ADC_AnalogWatchdogThresholdsConfig       0x08002a57   Thumb Code     6  stm32f10x_adc.o(.text)
    ADC_AnalogWatchdogSingleChannelConfig    0x08002a5d   Thumb Code    16  stm32f10x_adc.o(.text)
    ADC_TempSensorVrefintCmd                 0x08002a6d   Thumb Code    64  stm32f10x_adc.o(.text)
    ADC_GetFlagStatus                        0x08002aad   Thumb Code    18  stm32f10x_adc.o(.text)
    ADC_ClearFlag                            0x08002abf   Thumb Code     6  stm32f10x_adc.o(.text)
    ADC_GetITStatus                          0x08002ac5   Thumb Code    36  stm32f10x_adc.o(.text)
    ADC_ClearITPendingBit                    0x08002ae9   Thumb Code    10  stm32f10x_adc.o(.text)
    DMA_DeInit                               0x08002af5   Thumb Code   324  stm32f10x_dma.o(.text)
    DMA_Init                                 0x08002c39   Thumb Code    60  stm32f10x_dma.o(.text)
    DMA_StructInit                           0x08002c75   Thumb Code    26  stm32f10x_dma.o(.text)
    DMA_Cmd                                  0x08002c8f   Thumb Code    24  stm32f10x_dma.o(.text)
    DMA_ITConfig                             0x08002ca7   Thumb Code    18  stm32f10x_dma.o(.text)
    DMA_SetCurrDataCounter                   0x08002cb9   Thumb Code     4  stm32f10x_dma.o(.text)
    DMA_GetCurrDataCounter                   0x08002cbd   Thumb Code     8  stm32f10x_dma.o(.text)
    DMA_GetFlagStatus                        0x08002cc5   Thumb Code    40  stm32f10x_dma.o(.text)
    DMA_ClearFlag                            0x08002ced   Thumb Code    22  stm32f10x_dma.o(.text)
    DMA_GetITStatus                          0x08002d03   Thumb Code    40  stm32f10x_dma.o(.text)
    DMA_ClearITPendingBit                    0x08002d2b   Thumb Code    22  stm32f10x_dma.o(.text)
    EXTI_DeInit                              0x08002d49   Thumb Code    28  stm32f10x_exti.o(.text)
    EXTI_Init                                0x08002d65   Thumb Code   142  stm32f10x_exti.o(.text)
    EXTI_StructInit                          0x08002df3   Thumb Code    16  stm32f10x_exti.o(.text)
    EXTI_GenerateSWInterrupt                 0x08002e03   Thumb Code    16  stm32f10x_exti.o(.text)
    EXTI_GetFlagStatus                       0x08002e13   Thumb Code    22  stm32f10x_exti.o(.text)
    EXTI_ClearFlag                           0x08002e29   Thumb Code     8  stm32f10x_exti.o(.text)
    EXTI_GetITStatus                         0x08002e31   Thumb Code    34  stm32f10x_exti.o(.text)
    EXTI_ClearITPendingBit                   0x08002e53   Thumb Code     8  stm32f10x_exti.o(.text)
    IWDG_WriteAccessCmd                      0x08002e65   Thumb Code     6  stm32f10x_iwdg.o(.text)
    IWDG_SetPrescaler                        0x08002e6b   Thumb Code     6  stm32f10x_iwdg.o(.text)
    IWDG_SetReload                           0x08002e71   Thumb Code     6  stm32f10x_iwdg.o(.text)
    IWDG_ReloadCounter                       0x08002e77   Thumb Code    10  stm32f10x_iwdg.o(.text)
    IWDG_Enable                              0x08002e81   Thumb Code    10  stm32f10x_iwdg.o(.text)
    IWDG_GetFlagStatus                       0x08002e8b   Thumb Code    20  stm32f10x_iwdg.o(.text)
    TIM_DeInit                               0x08002ea5   Thumb Code   424  stm32f10x_tim.o(.text)
    TIM_TimeBaseInit                         0x0800304d   Thumb Code   122  stm32f10x_tim.o(.text)
    TIM_OC1Init                              0x080030c7   Thumb Code   132  stm32f10x_tim.o(.text)
    TIM_OC2Init                              0x0800314b   Thumb Code   154  stm32f10x_tim.o(.text)
    TIM_OC3Init                              0x080031e5   Thumb Code   150  stm32f10x_tim.o(.text)
    TIM_OC4Init                              0x0800327b   Thumb Code   182  stm32f10x_tim.o(.text)
    TIM_SetIC4Prescaler                      0x08003331   Thumb Code    26  stm32f10x_tim.o(.text)
    TIM_SetIC3Prescaler                      0x080033cd   Thumb Code    18  stm32f10x_tim.o(.text)
    TIM_SetIC2Prescaler                      0x08003459   Thumb Code    26  stm32f10x_tim.o(.text)
    TIM_SetIC1Prescaler                      0x080034f5   Thumb Code    18  stm32f10x_tim.o(.text)
    TIM_ICInit                               0x08003573   Thumb Code   150  stm32f10x_tim.o(.text)
    TIM_PWMIConfig                           0x08003609   Thumb Code   124  stm32f10x_tim.o(.text)
    TIM_BDTRConfig                           0x08003685   Thumb Code    32  stm32f10x_tim.o(.text)
    TIM_TimeBaseStructInit                   0x080036a5   Thumb Code    18  stm32f10x_tim.o(.text)
    TIM_OCStructInit                         0x080036b7   Thumb Code    20  stm32f10x_tim.o(.text)
    TIM_ICStructInit                         0x080036cb   Thumb Code    18  stm32f10x_tim.o(.text)
    TIM_BDTRStructInit                       0x080036dd   Thumb Code    40  stm32f10x_tim.o(.text)
    TIM_Cmd                                  0x08003705   Thumb Code    24  stm32f10x_tim.o(.text)
    TIM_CtrlPWMOutputs                       0x0800371d   Thumb Code    30  stm32f10x_tim.o(.text)
    TIM_ITConfig                             0x0800373b   Thumb Code    18  stm32f10x_tim.o(.text)
    TIM_GenerateEvent                        0x0800374d   Thumb Code     4  stm32f10x_tim.o(.text)
    TIM_DMAConfig                            0x08003751   Thumb Code    10  stm32f10x_tim.o(.text)
    TIM_DMACmd                               0x0800375b   Thumb Code    18  stm32f10x_tim.o(.text)
    TIM_InternalClockConfig                  0x0800376d   Thumb Code    12  stm32f10x_tim.o(.text)
    TIM_SelectInputTrigger                   0x08003779   Thumb Code    18  stm32f10x_tim.o(.text)
    TIM_ITRxExternalClockConfig              0x0800378b   Thumb Code    24  stm32f10x_tim.o(.text)
    TIM_TIxExternalClockConfig               0x080037a3   Thumb Code    62  stm32f10x_tim.o(.text)
    TIM_ETRConfig                            0x080037e1   Thumb Code    28  stm32f10x_tim.o(.text)
    TIM_ETRClockMode1Config                  0x080037fd   Thumb Code    54  stm32f10x_tim.o(.text)
    TIM_ETRClockMode2Config                  0x08003833   Thumb Code    32  stm32f10x_tim.o(.text)
    TIM_PrescalerConfig                      0x08003853   Thumb Code     6  stm32f10x_tim.o(.text)
    TIM_CounterModeConfig                    0x08003859   Thumb Code    18  stm32f10x_tim.o(.text)
    TIM_EncoderInterfaceConfig               0x0800386b   Thumb Code    66  stm32f10x_tim.o(.text)
    TIM_ForcedOC1Config                      0x080038ad   Thumb Code    18  stm32f10x_tim.o(.text)
    TIM_ForcedOC2Config                      0x080038bf   Thumb Code    26  stm32f10x_tim.o(.text)
    TIM_ForcedOC3Config                      0x080038d9   Thumb Code    18  stm32f10x_tim.o(.text)
    TIM_ForcedOC4Config                      0x080038eb   Thumb Code    26  stm32f10x_tim.o(.text)
    TIM_ARRPreloadConfig                     0x08003905   Thumb Code    24  stm32f10x_tim.o(.text)
    TIM_SelectCOM                            0x0800391d   Thumb Code    24  stm32f10x_tim.o(.text)
    TIM_SelectCCDMA                          0x08003935   Thumb Code    24  stm32f10x_tim.o(.text)
    TIM_CCPreloadControl                     0x0800394d   Thumb Code    24  stm32f10x_tim.o(.text)
    TIM_OC1PreloadConfig                     0x08003965   Thumb Code    18  stm32f10x_tim.o(.text)
    TIM_OC2PreloadConfig                     0x08003977   Thumb Code    26  stm32f10x_tim.o(.text)
    TIM_OC3PreloadConfig                     0x08003991   Thumb Code    18  stm32f10x_tim.o(.text)
    TIM_OC4PreloadConfig                     0x080039a3   Thumb Code    26  stm32f10x_tim.o(.text)
    TIM_OC1FastConfig                        0x080039bd   Thumb Code    18  stm32f10x_tim.o(.text)
    TIM_OC2FastConfig                        0x080039cf   Thumb Code    26  stm32f10x_tim.o(.text)
    TIM_OC3FastConfig                        0x080039e9   Thumb Code    18  stm32f10x_tim.o(.text)
    TIM_OC4FastConfig                        0x080039fb   Thumb Code    26  stm32f10x_tim.o(.text)
    TIM_ClearOC1Ref                          0x08003a15   Thumb Code    18  stm32f10x_tim.o(.text)
    TIM_ClearOC2Ref                          0x08003a27   Thumb Code    24  stm32f10x_tim.o(.text)
    TIM_ClearOC3Ref                          0x08003a3f   Thumb Code    18  stm32f10x_tim.o(.text)
    TIM_ClearOC4Ref                          0x08003a51   Thumb Code    24  stm32f10x_tim.o(.text)
    TIM_OC1PolarityConfig                    0x08003a69   Thumb Code    18  stm32f10x_tim.o(.text)
    TIM_OC1NPolarityConfig                   0x08003a7b   Thumb Code    18  stm32f10x_tim.o(.text)
    TIM_OC2PolarityConfig                    0x08003a8d   Thumb Code    26  stm32f10x_tim.o(.text)
    TIM_OC2NPolarityConfig                   0x08003aa7   Thumb Code    26  stm32f10x_tim.o(.text)
    TIM_OC3PolarityConfig                    0x08003ac1   Thumb Code    26  stm32f10x_tim.o(.text)
    TIM_OC3NPolarityConfig                   0x08003adb   Thumb Code    26  stm32f10x_tim.o(.text)
    TIM_OC4PolarityConfig                    0x08003af5   Thumb Code    26  stm32f10x_tim.o(.text)
    TIM_CCxCmd                               0x08003b0f   Thumb Code    30  stm32f10x_tim.o(.text)
    TIM_CCxNCmd                              0x08003b2d   Thumb Code    30  stm32f10x_tim.o(.text)
    TIM_SelectOCxM                           0x08003b4b   Thumb Code    82  stm32f10x_tim.o(.text)
    TIM_UpdateDisableConfig                  0x08003b9d   Thumb Code    24  stm32f10x_tim.o(.text)
    TIM_UpdateRequestConfig                  0x08003bb5   Thumb Code    24  stm32f10x_tim.o(.text)
    TIM_SelectHallSensor                     0x08003bcd   Thumb Code    24  stm32f10x_tim.o(.text)
    TIM_SelectOnePulseMode                   0x08003be5   Thumb Code    18  stm32f10x_tim.o(.text)
    TIM_SelectOutputTrigger                  0x08003bf7   Thumb Code    18  stm32f10x_tim.o(.text)
    TIM_SelectSlaveMode                      0x08003c09   Thumb Code    18  stm32f10x_tim.o(.text)
    TIM_SelectMasterSlaveMode                0x08003c1b   Thumb Code    18  stm32f10x_tim.o(.text)
    TIM_SetCounter                           0x08003c2d   Thumb Code     4  stm32f10x_tim.o(.text)
    TIM_SetAutoreload                        0x08003c31   Thumb Code     4  stm32f10x_tim.o(.text)
    TIM_SetCompare1                          0x08003c35   Thumb Code     4  stm32f10x_tim.o(.text)
    TIM_SetCompare2                          0x08003c39   Thumb Code     4  stm32f10x_tim.o(.text)
    TIM_SetCompare3                          0x08003c3d   Thumb Code     4  stm32f10x_tim.o(.text)
    TIM_SetCompare4                          0x08003c41   Thumb Code     6  stm32f10x_tim.o(.text)
    TIM_SetClockDivision                     0x08003c47   Thumb Code    18  stm32f10x_tim.o(.text)
    TIM_GetCapture1                          0x08003c59   Thumb Code     6  stm32f10x_tim.o(.text)
    TIM_GetCapture2                          0x08003c5f   Thumb Code     6  stm32f10x_tim.o(.text)
    TIM_GetCapture3                          0x08003c65   Thumb Code     6  stm32f10x_tim.o(.text)
    TIM_GetCapture4                          0x08003c6b   Thumb Code     8  stm32f10x_tim.o(.text)
    TIM_GetCounter                           0x08003c73   Thumb Code     6  stm32f10x_tim.o(.text)
    TIM_GetPrescaler                         0x08003c79   Thumb Code     6  stm32f10x_tim.o(.text)
    TIM_GetFlagStatus                        0x08003c7f   Thumb Code    18  stm32f10x_tim.o(.text)
    TIM_ClearFlag                            0x08003c91   Thumb Code     6  stm32f10x_tim.o(.text)
    TIM_GetITStatus                          0x08003c97   Thumb Code    34  stm32f10x_tim.o(.text)
    TIM_ClearITPendingBit                    0x08003cb9   Thumb Code     6  stm32f10x_tim.o(.text)
    __use_two_region_memory                  0x08003cbf   Thumb Code     2  heapauxi.o(.text)
    __rt_heap_escrow$2region                 0x08003cc1   Thumb Code     2  heapauxi.o(.text)
    __rt_heap_expand$2region                 0x08003cc3   Thumb Code     2  heapauxi.o(.text)
    __read_errno                             0x08003cc5   Thumb Code    10  _rserrno.o(.text)
    __set_errno                              0x08003ccf   Thumb Code    12  _rserrno.o(.text)
    __aeabi_errno_addr                       0x08003cdd   Thumb Code     8  rt_errno_addr_intlibspace.o(.text)
    __errno$intlibspace                      0x08003cdd   Thumb Code     0  rt_errno_addr_intlibspace.o(.text)
    __rt_errno_addr$intlibspace              0x08003cdd   Thumb Code     0  rt_errno_addr_intlibspace.o(.text)
    __user_libspace                          0x08003ce5   Thumb Code     8  libspace.o(.text)
    __user_perproc_libspace                  0x08003ce5   Thumb Code     0  libspace.o(.text)
    __user_perthread_libspace                0x08003ce5   Thumb Code     0  libspace.o(.text)
    __user_setup_stackheap                   0x08003ced   Thumb Code    74  sys_stackheap_outer.o(.text)
    exit                                     0x08003d37   Thumb Code    18  exit.o(.text)
    _sys_exit                                0x08003d49   Thumb Code     8  sys_exit.o(.text)
    __I$use$semihosting                      0x08003d55   Thumb Code     0  use_no_semi.o(.text)
    __use_no_semihosting_swi                 0x08003d55   Thumb Code     2  use_no_semi.o(.text)
    __ARM_fpclassify                         0x08003d57   Thumb Code    40  fpclassify.o(i.__ARM_fpclassify)
    __semihosting_library_function           0x08003d57   Thumb Code     0  indicate_semi.o(.text)
    __ieee754_rem_pio2                       0x08003d81   Thumb Code   828  rred.o(i.__ieee754_rem_pio2)
    __kernel_cos                             0x08004109   Thumb Code   230  cos_i.o(i.__kernel_cos)
    __kernel_poly                            0x08004205   Thumb Code   170  poly.o(i.__kernel_poly)
    __kernel_sin                             0x080042b1   Thumb Code   224  sin_i.o(i.__kernel_sin)
    __mathlib_dbl_infnan                     0x0800439d   Thumb Code     6  dunder.o(i.__mathlib_dbl_infnan)
    __mathlib_dbl_invalid                    0x080043a3   Thumb Code    12  dunder.o(i.__mathlib_dbl_invalid)
    __mathlib_dbl_underflow                  0x080043b1   Thumb Code    10  dunder.o(i.__mathlib_dbl_underflow)
    cos                                      0x080043c1   Thumb Code   148  cos.o(i.cos)
    __aeabi_d2f                              0x0800445d   Thumb Code     0  d2f.o(x$fpl$d2f)
    _d2f                                     0x0800445d   Thumb Code    98  d2f.o(x$fpl$d2f)
    __aeabi_dadd                             0x080044c1   Thumb Code     0  daddsub_clz.o(x$fpl$dadd)
    _dadd                                    0x080044c1   Thumb Code   332  daddsub_clz.o(x$fpl$dadd)
    __fpl_dcheck_NaN1                        0x08004611   Thumb Code    10  dcheck1.o(x$fpl$dcheck1)
    __aeabi_ddiv                             0x08004621   Thumb Code     0  ddiv.o(x$fpl$ddiv)
    _ddiv                                    0x08004621   Thumb Code   552  ddiv.o(x$fpl$ddiv)
    __aeabi_d2iz                             0x080048d1   Thumb Code     0  dfix.o(x$fpl$dfix)
    _dfix                                    0x080048d1   Thumb Code    94  dfix.o(x$fpl$dfix)
    __aeabi_i2d                              0x0800492f   Thumb Code     0  dflt_clz.o(x$fpl$dflt)
    _dflt                                    0x0800492f   Thumb Code    46  dflt_clz.o(x$fpl$dflt)
    __aeabi_ui2d                             0x0800495d   Thumb Code     0  dflt_clz.o(x$fpl$dfltu)
    _dfltu                                   0x0800495d   Thumb Code    38  dflt_clz.o(x$fpl$dfltu)
    __aeabi_dmul                             0x08004985   Thumb Code     0  dmul.o(x$fpl$dmul)
    _dmul                                    0x08004985   Thumb Code   332  dmul.o(x$fpl$dmul)
    __fpl_dnaninf                            0x08004ad9   Thumb Code   156  dnaninf.o(x$fpl$dnaninf)
    __fpl_dretinf                            0x08004b75   Thumb Code    12  dretinf.o(x$fpl$dretinf)
    __aeabi_drsub                            0x08004b81   Thumb Code     0  daddsub_clz.o(x$fpl$drsb)
    _drsb                                    0x08004b81   Thumb Code    22  daddsub_clz.o(x$fpl$drsb)
    __aeabi_dsub                             0x08004b99   Thumb Code     0  daddsub_clz.o(x$fpl$dsub)
    _dsub                                    0x08004b99   Thumb Code   464  daddsub_clz.o(x$fpl$dsub)
    __aeabi_f2d                              0x08004d6d   Thumb Code     0  f2d.o(x$fpl$f2d)
    _f2d                                     0x08004d6d   Thumb Code    86  f2d.o(x$fpl$f2d)
    __aeabi_fadd                             0x08004dc5   Thumb Code     0  faddsub_clz.o(x$fpl$fadd)
    _fadd                                    0x08004dc5   Thumb Code   196  faddsub_clz.o(x$fpl$fadd)
    __fpl_fcmp_Inf                           0x08004e89   Thumb Code    24  fcmpi.o(x$fpl$fcmpinf)
    __aeabi_fdiv                             0x08004ea1   Thumb Code     0  fdiv.o(x$fpl$fdiv)
    _fdiv                                    0x08004ea1   Thumb Code   384  fdiv.o(x$fpl$fdiv)
    __aeabi_f2iz                             0x08005025   Thumb Code     0  ffix.o(x$fpl$ffix)
    _ffix                                    0x08005025   Thumb Code    54  ffix.o(x$fpl$ffix)
    __aeabi_f2uiz                            0x0800505d   Thumb Code     0  ffixu.o(x$fpl$ffixu)
    _ffixu                                   0x0800505d   Thumb Code    62  ffixu.o(x$fpl$ffixu)
    __aeabi_i2f                              0x0800509d   Thumb Code     0  fflt_clz.o(x$fpl$fflt)
    _fflt                                    0x0800509d   Thumb Code    48  fflt_clz.o(x$fpl$fflt)
    __aeabi_ui2f                             0x080050cd   Thumb Code     0  fflt_clz.o(x$fpl$ffltu)
    _ffltu                                   0x080050cd   Thumb Code    38  fflt_clz.o(x$fpl$ffltu)
    __aeabi_cfcmple                          0x080050f5   Thumb Code     0  fleqf.o(x$fpl$fleqf)
    _fcmple                                  0x080050f5   Thumb Code   104  fleqf.o(x$fpl$fleqf)
    __fpl_fcmple_InfNaN                      0x08005147   Thumb Code     0  fleqf.o(x$fpl$fleqf)
    __aeabi_fmul                             0x0800515d   Thumb Code     0  fmul.o(x$fpl$fmul)
    _fmul                                    0x0800515d   Thumb Code   258  fmul.o(x$fpl$fmul)
    __fpl_fnaninf                            0x0800525f   Thumb Code   140  fnaninf.o(x$fpl$fnaninf)
    __fpl_fretinf                            0x080052eb   Thumb Code    10  fretinf.o(x$fpl$fretinf)
    __aeabi_cfrcmple                         0x080052f5   Thumb Code     0  frleqf.o(x$fpl$frleqf)
    _frcmple                                 0x080052f5   Thumb Code    98  frleqf.o(x$fpl$frleqf)
    __aeabi_fsub                             0x08005359   Thumb Code     0  faddsub_clz.o(x$fpl$fsub)
    _fsub                                    0x08005359   Thumb Code   234  faddsub_clz.o(x$fpl$fsub)
    __fpl_return_NaN                         0x08005443   Thumb Code   100  retnan.o(x$fpl$retnan)
    __ARM_scalbn                             0x080054a7   Thumb Code    92  scalbn.o(x$fpl$scalbn)
    __fpl_cmpreturn                          0x08005503   Thumb Code    48  trapv.o(x$fpl$trapveneer)
    F6x8                                     0x08005532   Data         552  oled.o(.constdata)
    __I$use$fp                               0x08005532   Number         0  usenofp.o(x$fpl$usenofp)
    F8X16                                    0x0800575a   Data        1520  oled.o(.constdata)
    Region$$Table$$Base                      0x08005e70   Number         0  anon$$obj.o(Region$$Table)
    Region$$Table$$Limit                     0x08005e90   Number         0  anon$$obj.o(Region$$Table)
    SystemCoreClock                          0x20000000   Data           4  system_stm32f10x.o(.data)
    AHBPrescTable                            0x20000004   Data          16  system_stm32f10x.o(.data)
    num                                      0x20000028   Data           1  key_scan.o(.data)
    num_n                                    0x20000029   Data           1  key_scan.o(.data)
    show_x                                   0x2000002a   Data           1  key_scan.o(.data)
    a                                        0x2000002b   Data           1  key_scan.o(.data)
    num1_result                              0x2000002c   Data           4  key_scan.o(.data)
    num2_result                              0x20000030   Data           4  key_scan.o(.data)
    SPWM_TABLE_A                             0x20000034   Data        8000  pwm.o(.data)
    ms_n                                     0x20001f74   Data           4  pwm.o(.data)
    SPWMTableN                               0x20001f78   Data           4  pwm.o(.data)
    SPWMDuty                                 0x20001f7c   Data           4  pwm.o(.data)
    SPWM_m                                   0x20001f80   Data           4  pwm.o(.data)
    SPWM_k                                   0x20001f84   Data           4  pwm.o(.data)
    VoltageValueDifference                   0x20001f88   Data           4  pwm.o(.data)
    RefVoltage                               0x20001f8c   Data           4  pwm.o(.data)
    Sum                                      0x20001f90   Data           4  pwm.o(.data)
    Ave                                      0x20001f94   Data           4  pwm.o(.data)
    AveN                                     0x20001f98   Data           4  pwm.o(.data)
    RefCurrent                               0x20001f9c   Data           4  pwm.o(.data)
    CurrentValueDifference                   0x20001fa0   Data           4  pwm.o(.data)
    Tim2Duty                                 0x20001fa4   Data           4  pwm.o(.data)
    BoostDownMosDuty                         0x20001fa8   Data           4  pwm.o(.data)
    Result2Ave                               0x20001fac   Data           4  pwm.o(.data)
    Result2Sum                               0x20001fb0   Data           4  pwm.o(.data)
    ADC_ConvertedValue                       0x20001fb4   Data           8  ad_dma.o(.data)
    AD_DMA_a1                                0x20001fbc   Data           1  ad_dma.o(.data)
    AD_DMA_b1                                0x20001fbd   Data           1  ad_dma.o(.data)
    AD_DMA_c1                                0x20001fbe   Data           1  ad_dma.o(.data)
    AD_DMA_d1                                0x20001fbf   Data           1  ad_dma.o(.data)
    AD_DMA_a2                                0x20001fc0   Data           1  ad_dma.o(.data)
    AD_DMA_b2                                0x20001fc1   Data           1  ad_dma.o(.data)
    AD_DMA_c2                                0x20001fc2   Data           1  ad_dma.o(.data)
    AD_DMA_d2                                0x20001fc3   Data           1  ad_dma.o(.data)
    AD_DMA_a3                                0x20001fc4   Data           1  ad_dma.o(.data)
    AD_DMA_b3                                0x20001fc5   Data           1  ad_dma.o(.data)
    AD_DMA_c3                                0x20001fc6   Data           1  ad_dma.o(.data)
    AD_DMA_d3                                0x20001fc7   Data           1  ad_dma.o(.data)
    AD_DMA_Result1                           0x20001fc8   Data           4  ad_dma.o(.data)
    AD_DMA_Result2                           0x20001fcc   Data           4  ad_dma.o(.data)
    AD_DMA_Result3                           0x20001fd0   Data           4  ad_dma.o(.data)
    num1                                     0x20001fd4   Data          10  key_scan.o(.bss)
    num2                                     0x20001fde   Data          10  key_scan.o(.bss)
    __libspace_start                         0x20001fe8   Data          96  libspace.o(.bss)
    __temporary_stack_top$libspace           0x20002048   Data           0  libspace.o(.bss)



==============================================================================

Memory Map of the image

  Image Entry point : 0x08000491

  Load Region LR_1 (Base: 0x08000000, Size: 0x00007e64, Max: 0xffffffff, ABSOLUTE, COMPRESSED[0x000063b0])

    Execution Region ER_RO (Base: 0x08000000, Size: 0x00005e90, Max: 0xffffffff, ABSOLUTE)

    Base Addr    Size         Type   Attr      Idx    E Section Name        Object

    0x08000000   0x00000130   Data   RO          191    RESET               startup_stm32f10x_hd.o
    0x08000130   0x00000008   Code   RO          442  * !!!main             c_w.l(__main.o)
    0x08000138   0x00000034   Code   RO          723    !!!scatter          c_w.l(__scatter.o)
    0x0800016c   0x0000005a   Code   RO          721    !!dczerorl2         c_w.l(__dczerorl2.o)
    0x080001c6   0x00000002   PAD
    0x080001c8   0x0000001c   Code   RO          725    !!handler_zi        c_w.l(__scatter_zi.o)
    0x080001e4   0x00000002   Code   RO          588    .ARM.Collect$$libinit$$00000000  c_w.l(libinit.o)
    0x080001e6   0x00000000   Code   RO          594    .ARM.Collect$$libinit$$00000002  c_w.l(libinit2.o)
    0x080001e6   0x00000000   Code   RO          596    .ARM.Collect$$libinit$$00000004  c_w.l(libinit2.o)
    0x080001e6   0x00000000   Code   RO          599    .ARM.Collect$$libinit$$0000000A  c_w.l(libinit2.o)
    0x080001e6   0x00000000   Code   RO          601    .ARM.Collect$$libinit$$0000000C  c_w.l(libinit2.o)
    0x080001e6   0x00000000   Code   RO          603    .ARM.Collect$$libinit$$0000000E  c_w.l(libinit2.o)
    0x080001e6   0x00000000   Code   RO          606    .ARM.Collect$$libinit$$00000011  c_w.l(libinit2.o)
    0x080001e6   0x00000000   Code   RO          608    .ARM.Collect$$libinit$$00000013  c_w.l(libinit2.o)
    0x080001e6   0x00000000   Code   RO          610    .ARM.Collect$$libinit$$00000015  c_w.l(libinit2.o)
    0x080001e6   0x00000000   Code   RO          612    .ARM.Collect$$libinit$$00000017  c_w.l(libinit2.o)
    0x080001e6   0x00000000   Code   RO          614    .ARM.Collect$$libinit$$00000019  c_w.l(libinit2.o)
    0x080001e6   0x00000000   Code   RO          616    .ARM.Collect$$libinit$$0000001B  c_w.l(libinit2.o)
    0x080001e6   0x00000000   Code   RO          618    .ARM.Collect$$libinit$$0000001D  c_w.l(libinit2.o)
    0x080001e6   0x00000000   Code   RO          620    .ARM.Collect$$libinit$$0000001F  c_w.l(libinit2.o)
    0x080001e6   0x00000000   Code   RO          622    .ARM.Collect$$libinit$$00000021  c_w.l(libinit2.o)
    0x080001e6   0x00000000   Code   RO          624    .ARM.Collect$$libinit$$00000023  c_w.l(libinit2.o)
    0x080001e6   0x00000000   Code   RO          626    .ARM.Collect$$libinit$$00000025  c_w.l(libinit2.o)
    0x080001e6   0x00000000   Code   RO          630    .ARM.Collect$$libinit$$0000002C  c_w.l(libinit2.o)
    0x080001e6   0x00000000   Code   RO          632    .ARM.Collect$$libinit$$0000002E  c_w.l(libinit2.o)
    0x080001e6   0x00000000   Code   RO          634    .ARM.Collect$$libinit$$00000030  c_w.l(libinit2.o)
    0x080001e6   0x00000000   Code   RO          636    .ARM.Collect$$libinit$$00000032  c_w.l(libinit2.o)
    0x080001e6   0x00000002   Code   RO          637    .ARM.Collect$$libinit$$00000033  c_w.l(libinit2.o)
    0x080001e8   0x00000002   Code   RO          661    .ARM.Collect$$libshutdown$$00000000  c_w.l(libshutdown.o)
    0x080001ea   0x00000000   Code   RO          674    .ARM.Collect$$libshutdown$$00000002  c_w.l(libshutdown2.o)
    0x080001ea   0x00000000   Code   RO          676    .ARM.Collect$$libshutdown$$00000004  c_w.l(libshutdown2.o)
    0x080001ea   0x00000000   Code   RO          679    .ARM.Collect$$libshutdown$$00000007  c_w.l(libshutdown2.o)
    0x080001ea   0x00000000   Code   RO          682    .ARM.Collect$$libshutdown$$0000000A  c_w.l(libshutdown2.o)
    0x080001ea   0x00000000   Code   RO          684    .ARM.Collect$$libshutdown$$0000000C  c_w.l(libshutdown2.o)
    0x080001ea   0x00000000   Code   RO          687    .ARM.Collect$$libshutdown$$0000000F  c_w.l(libshutdown2.o)
    0x080001ea   0x00000002   Code   RO          688    .ARM.Collect$$libshutdown$$00000010  c_w.l(libshutdown2.o)
    0x080001ec   0x00000000   Code   RO          508    .ARM.Collect$$rtentry$$00000000  c_w.l(__rtentry.o)
    0x080001ec   0x00000000   Code   RO          551    .ARM.Collect$$rtentry$$00000002  c_w.l(__rtentry2.o)
    0x080001ec   0x00000006   Code   RO          563    .ARM.Collect$$rtentry$$00000004  c_w.l(__rtentry4.o)
    0x080001f2   0x00000000   Code   RO          553    .ARM.Collect$$rtentry$$00000009  c_w.l(__rtentry2.o)
    0x080001f2   0x00000004   Code   RO          554    .ARM.Collect$$rtentry$$0000000A  c_w.l(__rtentry2.o)
    0x080001f6   0x00000000   Code   RO          556    .ARM.Collect$$rtentry$$0000000C  c_w.l(__rtentry2.o)
    0x080001f6   0x00000008   Code   RO          557    .ARM.Collect$$rtentry$$0000000D  c_w.l(__rtentry2.o)
    0x080001fe   0x00000002   Code   RO          591    .ARM.Collect$$rtexit$$00000000  c_w.l(rtexit.o)
    0x08000200   0x00000000   Code   RO          641    .ARM.Collect$$rtexit$$00000002  c_w.l(rtexit2.o)
    0x08000200   0x00000004   Code   RO          642    .ARM.Collect$$rtexit$$00000003  c_w.l(rtexit2.o)
    0x08000204   0x00000006   Code   RO          643    .ARM.Collect$$rtexit$$00000004  c_w.l(rtexit2.o)
    0x0800020a   0x00000002   PAD
    0x0800020c   0x00000088   Code   RO            1    .text               main.o
    0x08000294   0x0000001a   Code   RO          126    .text               stm32f10x_it.o
    0x080002ae   0x00000002   PAD
    0x080002b0   0x000001e0   Code   RO          152    .text               system_stm32f10x.o
    0x08000490   0x00000040   Code   RO          192  * .text               startup_stm32f10x_hd.o
    0x080004d0   0x0000035c   Code   RO          196    .text               stm32f10x_gpio.o
    0x0800082c   0x000003a4   Code   RO          208    .text               stm32f10x_rcc.o
    0x08000bd0   0x00000098   Code   RO          240    .text               exti_interrupt.o
    0x08000c68   0x00000c6c   Code   RO          255    .text               key_scan.o
    0x080018d4   0x000003dc   Code   RO          275    .text               oled.o
    0x08001cb0   0x000005cc   Code   RO          290    .text               pwm.o
    0x0800227c   0x00000078   Code   RO          313    .text               update_interrupt.o
    0x080022f4   0x00000110   Code   RO          325    .text               inputcap.o
    0x08002404   0x000001a0   Code   RO          338    .text               ad_dma.o
    0x080025a4   0x00000022   Code   RO          354    .text               iwdg.o
    0x080025c6   0x00000002   PAD
    0x080025c8   0x000000dc   Code   RO          366    .text               misc.o
    0x080026a4   0x0000044e   Code   RO          378    .text               stm32f10x_adc.o
    0x08002af2   0x00000002   PAD
    0x08002af4   0x00000254   Code   RO          390    .text               stm32f10x_dma.o
    0x08002d48   0x0000011c   Code   RO          402    .text               stm32f10x_exti.o
    0x08002e64   0x00000040   Code   RO          414    .text               stm32f10x_iwdg.o
    0x08002ea4   0x00000e1a   Code   RO          426    .text               stm32f10x_tim.o
    0x08003cbe   0x00000006   Code   RO          440    .text               c_w.l(heapauxi.o)
    0x08003cc4   0x00000016   Code   RO          509    .text               c_w.l(_rserrno.o)
    0x08003cda   0x00000002   PAD
    0x08003cdc   0x00000008   Code   RO          568    .text               c_w.l(rt_errno_addr_intlibspace.o)
    0x08003ce4   0x00000008   Code   RO          576    .text               c_w.l(libspace.o)
    0x08003cec   0x0000004a   Code   RO          579    .text               c_w.l(sys_stackheap_outer.o)
    0x08003d36   0x00000012   Code   RO          581    .text               c_w.l(exit.o)
    0x08003d48   0x0000000c   Code   RO          653    .text               c_w.l(sys_exit.o)
    0x08003d54   0x00000002   Code   RO          664    .text               c_w.l(use_no_semi.o)
    0x08003d56   0x00000000   Code   RO          666    .text               c_w.l(indicate_semi.o)
    0x08003d56   0x00000028   Code   RO          572    i.__ARM_fpclassify  m_ws.l(fpclassify.o)
    0x08003d7e   0x00000002   PAD
    0x08003d80   0x00000388   Code   RO          539    i.__ieee754_rem_pio2  m_ws.l(rred.o)
    0x08004108   0x000000fc   Code   RO          522    i.__kernel_cos      m_ws.l(cos_i.o)
    0x08004204   0x000000aa   Code   RO          574    i.__kernel_poly     m_ws.l(poly.o)
    0x080042ae   0x00000002   PAD
    0x080042b0   0x000000ec   Code   RO          544    i.__kernel_sin      m_ws.l(sin_i.o)
    0x0800439c   0x00000006   Code   RO          526    i.__mathlib_dbl_infnan  m_ws.l(dunder.o)
    0x080043a2   0x0000000c   Code   RO          528    i.__mathlib_dbl_invalid  m_ws.l(dunder.o)
    0x080043ae   0x00000002   PAD
    0x080043b0   0x00000010   Code   RO          531    i.__mathlib_dbl_underflow  m_ws.l(dunder.o)
    0x080043c0   0x0000009c   Code   RO          501    i.cos               m_ws.l(cos.o)
    0x0800445c   0x00000062   Code   RO          444    x$fpl$d2f           fz_ws.l(d2f.o)
    0x080044be   0x00000002   PAD
    0x080044c0   0x00000150   Code   RO          446    x$fpl$dadd          fz_ws.l(daddsub_clz.o)
    0x08004610   0x00000010   Code   RO          589    x$fpl$dcheck1       fz_ws.l(dcheck1.o)
    0x08004620   0x000002b0   Code   RO          453    x$fpl$ddiv          fz_ws.l(ddiv.o)
    0x080048d0   0x0000005e   Code   RO          456    x$fpl$dfix          fz_ws.l(dfix.o)
    0x0800492e   0x0000002e   Code   RO          461    x$fpl$dflt          fz_ws.l(dflt_clz.o)
    0x0800495c   0x00000026   Code   RO          460    x$fpl$dfltu         fz_ws.l(dflt_clz.o)
    0x08004982   0x00000002   PAD
    0x08004984   0x00000154   Code   RO          466    x$fpl$dmul          fz_ws.l(dmul.o)
    0x08004ad8   0x0000009c   Code   RO          511    x$fpl$dnaninf       fz_ws.l(dnaninf.o)
    0x08004b74   0x0000000c   Code   RO          513    x$fpl$dretinf       fz_ws.l(dretinf.o)
    0x08004b80   0x00000016   Code   RO          447    x$fpl$drsb          fz_ws.l(daddsub_clz.o)
    0x08004b96   0x00000002   PAD
    0x08004b98   0x000001d4   Code   RO          448    x$fpl$dsub          fz_ws.l(daddsub_clz.o)
    0x08004d6c   0x00000056   Code   RO          468    x$fpl$f2d           fz_ws.l(f2d.o)
    0x08004dc2   0x00000002   PAD
    0x08004dc4   0x000000c4   Code   RO          470    x$fpl$fadd          fz_ws.l(faddsub_clz.o)
    0x08004e88   0x00000018   Code   RO          515    x$fpl$fcmpinf       fz_ws.l(fcmpi.o)
    0x08004ea0   0x00000184   Code   RO          477    x$fpl$fdiv          fz_ws.l(fdiv.o)
    0x08005024   0x00000036   Code   RO          480    x$fpl$ffix          fz_ws.l(ffix.o)
    0x0800505a   0x00000002   PAD
    0x0800505c   0x0000003e   Code   RO          484    x$fpl$ffixu         fz_ws.l(ffixu.o)
    0x0800509a   0x00000002   PAD
    0x0800509c   0x00000030   Code   RO          489    x$fpl$fflt          fz_ws.l(fflt_clz.o)
    0x080050cc   0x00000026   Code   RO          488    x$fpl$ffltu         fz_ws.l(fflt_clz.o)
    0x080050f2   0x00000002   PAD
    0x080050f4   0x00000068   Code   RO          494    x$fpl$fleqf         fz_ws.l(fleqf.o)
    0x0800515c   0x00000102   Code   RO          496    x$fpl$fmul          fz_ws.l(fmul.o)
    0x0800525e   0x0000008c   Code   RO          517    x$fpl$fnaninf       fz_ws.l(fnaninf.o)
    0x080052ea   0x0000000a   Code   RO          519    x$fpl$fretinf       fz_ws.l(fretinf.o)
    0x080052f4   0x00000062   Code   RO          498    x$fpl$frleqf        fz_ws.l(frleqf.o)
    0x08005356   0x00000002   PAD
    0x08005358   0x000000ea   Code   RO          472    x$fpl$fsub          fz_ws.l(faddsub_clz.o)
    0x08005442   0x00000064   Code   RO          638    x$fpl$retnan        fz_ws.l(retnan.o)
    0x080054a6   0x0000005c   Code   RO          570    x$fpl$scalbn        fz_ws.l(scalbn.o)
    0x08005502   0x00000030   Code   RO          651    x$fpl$trapveneer    fz_ws.l(trapv.o)
    0x08005532   0x00000000   Code   RO          521    x$fpl$usenofp       fz_ws.l(usenofp.o)
    0x08005532   0x00000818   Data   RO          276    .constdata          oled.o
    0x08005d4a   0x00000006   PAD
    0x08005d50   0x00000030   Data   RO          523    .constdata          m_ws.l(cos_i.o)
    0x08005d80   0x000000c8   Data   RO          541    .constdata          m_ws.l(rred.o)
    0x08005e48   0x00000028   Data   RO          545    .constdata          m_ws.l(sin_i.o)
    0x08005e70   0x00000020   Data   RO          719    Region$$Table       anon$$obj.o


    Execution Region ER_RW (Base: 0x20000000, Size: 0x00001fd4, Max: 0xffffffff, ABSOLUTE, COMPRESSED[0x00000520])

    Base Addr    Size         Type   Attr      Idx    E Section Name        Object

    0x20000000   0x00000014   Data   RW          153    .data               system_stm32f10x.o
    0x20000014   0x00000014   Data   RW          209    .data               stm32f10x_rcc.o
    0x20000028   0x0000000c   Data   RW          257    .data               key_scan.o
    0x20000034   0x00001f80   Data   RW          291    .data               pwm.o
    0x20001fb4   0x00000020   Data   RW          340    .data               ad_dma.o


    Execution Region ER_ZI (Base: 0x20001fd4, Size: 0x00000674, Max: 0xffffffff, ABSOLUTE)

    Base Addr    Size         Type   Attr      Idx    E Section Name        Object

    0x20001fd4   0x00000014   Zero   RW          256    .bss                key_scan.o
    0x20001fe8   0x00000060   Zero   RW          577    .bss                c_w.l(libspace.o)
    0x20002048   0x00000200   Zero   RW          190    HEAP                startup_stm32f10x_hd.o
    0x20002248   0x00000400   Zero   RW          189    STACK               startup_stm32f10x_hd.o


==============================================================================

Image component sizes


      Code (inc. data)   RO Data    RW Data    ZI Data      Debug   Object Name

       416         26          0         32          0       2770   ad_dma.o
         0          0          0          0          0         32   core_cm3.o
       152          6          0          0          0        771   exti_interrupt.o
       272          8          0          0          0        916   inputcap.o
        34          0          0          0          0        484   iwdg.o
      3180        178          0         12         20       3352   key_scan.o
       136         12          0          0          0     269471   main.o
       220         22          0          0          0       1897   misc.o
       988         16       2072          0          0       3986   oled.o
      1484        162          0       8064          0       3614   pwm.o
        64         26        304          0       1536        924   startup_stm32f10x_hd.o
      1102         26          0          0          0      11137   stm32f10x_adc.o
       596          8          0          0          0       4462   stm32f10x_dma.o
       284         10          0          0          0       2355   stm32f10x_exti.o
       860         38          0          0          0       5929   stm32f10x_gpio.o
        26          0          0          0          0       1254   stm32f10x_it.o
        64          6          0          0          0       1317   stm32f10x_iwdg.o
       932         36          0         20          0       9180   stm32f10x_rcc.o
      3610         88          0          0          0      22940   stm32f10x_tim.o
       480         38          0         20          0       2171   system_stm32f10x.o
       120          6          0          0          0        729   update_interrupt.o

    ----------------------------------------------------------------------
     15026        712       2414       8148       1556     349691   Object Totals
         0          0         32          0          0          0   (incl. Generated)
         6          0          6          0          0          0   (incl. Padding)

    ----------------------------------------------------------------------

      Code (inc. data)   RO Data    RW Data    ZI Data      Debug   Library Member Name

        90          0          0          0          0          0   __dczerorl2.o
         8          0          0          0          0         68   __main.o
         0          0          0          0          0          0   __rtentry.o
        12          0          0          0          0          0   __rtentry2.o
         6          0          0          0          0          0   __rtentry4.o
        52          8          0          0          0          0   __scatter.o
        28          0          0          0          0          0   __scatter_zi.o
        22          0          0          0          0        100   _rserrno.o
        18          0          0          0          0         80   exit.o
         6          0          0          0          0        152   heapauxi.o
         0          0          0          0          0          0   indicate_semi.o
         2          0          0          0          0          0   libinit.o
         2          0          0          0          0          0   libinit2.o
         2          0          0          0          0          0   libshutdown.o
         2          0          0          0          0          0   libshutdown2.o
         8          4          0          0         96         68   libspace.o
         8          4          0          0          0         68   rt_errno_addr_intlibspace.o
         2          0          0          0          0          0   rtexit.o
        10          0          0          0          0          0   rtexit2.o
        12          4          0          0          0         68   sys_exit.o
        74          0          0          0          0         80   sys_stackheap_outer.o
         2          0          0          0          0         68   use_no_semi.o
        98          4          0          0          0         92   d2f.o
       826         16          0          0          0        348   daddsub_clz.o
        16          4          0          0          0         68   dcheck1.o
       688        140          0          0          0        208   ddiv.o
        94          4          0          0          0         92   dfix.o
        84          0          0          0          0        136   dflt_clz.o
       340         12          0          0          0        104   dmul.o
       156          4          0          0          0         92   dnaninf.o
        12          0          0          0          0         68   dretinf.o
        86          4          0          0          0         84   f2d.o
       430          8          0          0          0        168   faddsub_clz.o
        24          0          0          0          0         68   fcmpi.o
       388         76          0          0          0         96   fdiv.o
        54          4          0          0          0         84   ffix.o
        62          4          0          0          0         84   ffixu.o
        86          0          0          0          0        136   fflt_clz.o
       104          4          0          0          0         84   fleqf.o
       258          4          0          0          0         84   fmul.o
       140          4          0          0          0         84   fnaninf.o
        10          0          0          0          0         68   fretinf.o
        98          0          0          0          0         68   frleqf.o
       100          0          0          0          0         68   retnan.o
        92          0          0          0          0         68   scalbn.o
        48          0          0          0          0         68   trapv.o
         0          0          0          0          0          0   usenofp.o
       156          8          0          0          0        104   cos.o
       252         22         48          0          0        124   cos_i.o
        34          6          0          0          0        204   dunder.o
        40          0          0          0          0         68   fpclassify.o
       170          0          0          0          0         96   poly.o
       904         76        200          0          0        140   rred.o
       236         12         40          0          0        128   sin_i.o

    ----------------------------------------------------------------------
      6480        436        288          0         96       4136   Library Totals
        28          0          0          0          0          0   (incl. Padding)

    ----------------------------------------------------------------------

      Code (inc. data)   RO Data    RW Data    ZI Data      Debug   Library Name

       366         20          0          0         96        752   c_w.l
      4294        292          0          0          0       2520   fz_ws.l
      1792        124        288          0          0        864   m_ws.l

    ----------------------------------------------------------------------
      6480        436        288          0         96       4136   Library Totals

    ----------------------------------------------------------------------

==============================================================================


      Code (inc. data)   RO Data    RW Data    ZI Data      Debug   

     21506       1148       2702       8148       1652     349975   Grand Totals
     21506       1148       2702       1312       1652     349975   ELF Image Totals (compressed)
     21506       1148       2702       1312          0          0   ROM Totals

==============================================================================

    Total RO  Size (Code + RO Data)                24208 (  23.64kB)
    Total RW  Size (RW Data + ZI Data)              9800 (   9.57kB)
    Total ROM Size (Code + RO Data + RW Data)      25520 (  24.92kB)

==============================================================================

